Archive member included because of file (symbol)

/Users/mikeqin/Documents/LPCXpresso_7.3.0/workspace/loopbackdemo/nxplib/nxp_lpcxpresso_11u14_board_lib/Debug/libnxp_lpcxpresso_11u14_board_lib.a(board.o)
                              ./example/src/hid_main.o (Board_Init)
/Users/mikeqin/Documents/LPCXpresso_7.3.0/workspace/loopbackdemo/nxplib/nxp_lpcxpresso_11u14_board_lib/Debug/libnxp_lpcxpresso_11u14_board_lib.a(board_sysinit.o)
                              ./example/src/sysinit.o (Board_SystemInit)
/Users/mikeqin/Documents/LPCXpresso_7.3.0/workspace/loopbackdemo/nxplib/lpc_chip_11uxx_lib/Debug/liblpc_chip_11uxx_lib.a(clock_11xx.o)
                              /Users/mikeqin/Documents/LPCXpresso_7.3.0/workspace/loopbackdemo/nxplib/nxp_lpcxpresso_11u14_board_lib/Debug/libnxp_lpcxpresso_11u14_board_lib.a(board_sysinit.o) (Chip_Clock_SetSystemPLLSource)
/Users/mikeqin/Documents/LPCXpresso_7.3.0/workspace/loopbackdemo/nxplib/lpc_chip_11uxx_lib/Debug/liblpc_chip_11uxx_lib.a(gpio_11xx_1.o)
                              /Users/mikeqin/Documents/LPCXpresso_7.3.0/workspace/loopbackdemo/nxplib/nxp_lpcxpresso_11u14_board_lib/Debug/libnxp_lpcxpresso_11u14_board_lib.a(board.o) (Chip_GPIO_Init)
/Users/mikeqin/Documents/LPCXpresso_7.3.0/workspace/loopbackdemo/nxplib/lpc_chip_11uxx_lib/Debug/liblpc_chip_11uxx_lib.a(iocon_11xx.o)
                              /Users/mikeqin/Documents/LPCXpresso_7.3.0/workspace/loopbackdemo/nxplib/nxp_lpcxpresso_11u14_board_lib/Debug/libnxp_lpcxpresso_11u14_board_lib.a(board.o) (Chip_IOCON_PinMuxSet)
/Users/mikeqin/Documents/LPCXpresso_7.3.0/workspace/loopbackdemo/nxplib/lpc_chip_11uxx_lib/Debug/liblpc_chip_11uxx_lib.a(sysctl_11xx.o)
                              /Users/mikeqin/Documents/LPCXpresso_7.3.0/workspace/loopbackdemo/nxplib/nxp_lpcxpresso_11u14_board_lib/Debug/libnxp_lpcxpresso_11u14_board_lib.a(board_sysinit.o) (Chip_SYSCTL_PowerDown)
/Users/mikeqin/Documents/LPCXpresso_7.3.0/workspace/loopbackdemo/nxplib/lpc_chip_11uxx_lib/Debug/liblpc_chip_11uxx_lib.a(uart_11xx.o)
                              /Users/mikeqin/Documents/LPCXpresso_7.3.0/workspace/loopbackdemo/nxplib/nxp_lpcxpresso_11u14_board_lib/Debug/libnxp_lpcxpresso_11u14_board_lib.a(board.o) (Chip_UART_Init)
/Users/mikeqin/Documents/LPCXpresso_7.3.0/workspace/loopbackdemo/nxplib/lpc_chip_11uxx_lib/Debug/liblpc_chip_11uxx_lib.a(ring_buffer.o)
                              /Users/mikeqin/Documents/LPCXpresso_7.3.0/workspace/loopbackdemo/nxplib/lpc_chip_11uxx_lib/Debug/liblpc_chip_11uxx_lib.a(uart_11xx.o) (RingBuffer_Insert)
/Users/mikeqin/Documents/LPCXpresso_7.3.0/workspace/loopbackdemo/nxplib/lpc_chip_11uxx_lib/libs/libusbd_11uxx_lib.a(mw_usbd_rom_api.o)
                              ./example/src/hid_main.o (hid_api)
/Users/mikeqin/Documents/LPCXpresso_7.3.0/workspace/loopbackdemo/nxplib/lpc_chip_11uxx_lib/libs/libusbd_11uxx_lib.a(hw_usbd_ip3511.o)
                              /Users/mikeqin/Documents/LPCXpresso_7.3.0/workspace/loopbackdemo/nxplib/lpc_chip_11uxx_lib/libs/libusbd_11uxx_lib.a(mw_usbd_rom_api.o) (hwUSB_ForceFullSpeed)
/Users/mikeqin/Documents/LPCXpresso_7.3.0/workspace/loopbackdemo/nxplib/lpc_chip_11uxx_lib/libs/libusbd_11uxx_lib.a(mw_usbd_cdcuser.o)
                              /Users/mikeqin/Documents/LPCXpresso_7.3.0/workspace/loopbackdemo/nxplib/lpc_chip_11uxx_lib/libs/libusbd_11uxx_lib.a(mw_usbd_rom_api.o) (mwCDC_SendNotification)
/Users/mikeqin/Documents/LPCXpresso_7.3.0/workspace/loopbackdemo/nxplib/lpc_chip_11uxx_lib/libs/libusbd_11uxx_lib.a(mw_usbd_core.o)
                              /Users/mikeqin/Documents/LPCXpresso_7.3.0/workspace/loopbackdemo/nxplib/lpc_chip_11uxx_lib/libs/libusbd_11uxx_lib.a(hw_usbd_ip3511.o) (mwUSB_ResetCore)
/Users/mikeqin/Documents/LPCXpresso_7.3.0/workspace/loopbackdemo/nxplib/lpc_chip_11uxx_lib/libs/libusbd_11uxx_lib.a(mw_usbd_dfuuser.o)
                              /Users/mikeqin/Documents/LPCXpresso_7.3.0/workspace/loopbackdemo/nxplib/lpc_chip_11uxx_lib/libs/libusbd_11uxx_lib.a(mw_usbd_rom_api.o) (mwDFU_GetMemSize)
/Users/mikeqin/Documents/LPCXpresso_7.3.0/workspace/loopbackdemo/nxplib/lpc_chip_11uxx_lib/libs/libusbd_11uxx_lib.a(mw_usbd_hiduser.o)
                              /Users/mikeqin/Documents/LPCXpresso_7.3.0/workspace/loopbackdemo/nxplib/lpc_chip_11uxx_lib/libs/libusbd_11uxx_lib.a(mw_usbd_rom_api.o) (mwHID_GetMemSize)
/Users/mikeqin/Documents/LPCXpresso_7.3.0/workspace/loopbackdemo/nxplib/lpc_chip_11uxx_lib/libs/libusbd_11uxx_lib.a(mw_usbd_mscuser.o)
                              /Users/mikeqin/Documents/LPCXpresso_7.3.0/workspace/loopbackdemo/nxplib/lpc_chip_11uxx_lib/libs/libusbd_11uxx_lib.a(mw_usbd_rom_api.o) (mwMSC_GetMemSize)
/Applications/lpcxpresso_7.3.0_186/lpcxpresso/tools/bin/../lib/gcc/arm-none-eabi/4.8.4/../../../../arm-none-eabi/lib/armv6-m/libcr_nohost.a(_cr__main.o)
                              ./example/src/cr_startup_lpc11xx.o (__main)
[...]
Memory Configuration

Name             Origin             Length             Attributes
MFlash32         0x0000000000000000 0x0000000000008000 xr
RamLoc4          0x0000000010000000 0x0000000000001000 xrw
RamUsb2          0x0000000020004000 0x0000000000000800 xrw
*default*        0x0000000000000000 0xffffffffffffffff

Linker script and memory map

LOAD ./example/src/cr_startup_lpc11xx.o
LOAD ./example/src/hid_desc.o
LOAD ./example/src/hid_generic.o
LOAD ./example/src/hid_main.o
LOAD ./example/src/sysinit.o
LOAD /Users/mikeqin/Documents/LPCXpresso_7.3.0/workspace/loopbackdemo/nxplib/nxp_lpcxpresso_11u14_board_lib/Debug/libnxp_lpcxpresso_11u14_board_lib.a
LOAD /Users/mikeqin/Documents/LPCXpresso_7.3.0/workspace/loopbackdemo/nxplib/lpc_chip_11uxx_lib/Debug/liblpc_chip_11uxx_lib.a
LOAD /Users/mikeqin/Documents/LPCXpresso_7.3.0/workspace/loopbackdemo/nxplib/lpc_chip_11uxx_lib/libs/libusbd_11uxx_lib.a
START GROUP
LOAD /Applications/lpcxpresso_7.3.0_186/lpcxpresso/tools/bin/../lib/gcc/arm-none-eabi/4.8.4/../../../../arm-none-eabi/lib/armv6-m/libcr_nohost.a
LOAD /Applications/lpcxpresso_7.3.0_186/lpcxpresso/tools/bin/../lib/gcc/arm-none-eabi/4.8.4/../../../../arm-none-eabi/lib/armv6-m/libcr_c.a
LOAD /Applications/lpcxpresso_7.3.0_186/lpcxpresso/tools/bin/../lib/gcc/arm-none-eabi/4.8.4/armv6-m/libcr_eabihelpers.a
END GROUP
                0x0000000000008000                __top_MFlash32 = 0x8000
                0x0000000010001000                __top_RamLoc4 = 0x10001000
                0x0000000020004800                __top_RamUsb2 = 0x20004800

.text           0x0000000000000000     0x2ad0
 FILL mask 0xff
                0x0000000000000000                __vectors_start__ = ABSOLUTE (.)
 *(.isr_vector)
 .isr_vector    0x0000000000000000       0xc0 ./example/src/cr_startup_lpc11xx.o
                0x0000000000000000                g_pfnVectors
                0x00000000000000c0                . = ALIGN (0x4)
                0x00000000000000c0                __section_table_start = .
                0x00000000000000c0                __data_section_table = .
                0x00000000000000c0        0x4 LONG 0x2ad0 LOADADDR (.data)
                0x00000000000000c4        0x4 LONG 0x10000000 ADDR (.data)
                0x00000000000000c8        0x4 LONG 0x30 SIZEOF (.data)
                0x00000000000000cc        0x4 LONG 0x2ad0 LOADADDR (.data_RAM2)
                0x00000000000000d0        0x4 LONG 0x20004000 ADDR (.data_RAM2)
                0x00000000000000d4        0x4 LONG 0x0 SIZEOF (.data_RAM2)
                0x00000000000000d8                __data_section_table_end = .
                0x00000000000000d8                __bss_section_table = .
                0x00000000000000d8        0x4 LONG 0x10000030 ADDR (.bss)
                0x00000000000000dc        0x4 LONG 0x158 SIZEOF (.bss)
                0x00000000000000e0        0x4 LONG 0x20004000 ADDR (.bss_RAM2)
                0x00000000000000e4        0x4 LONG 0x0 SIZEOF (.bss_RAM2)
                0x00000000000000e8                __bss_section_table_end = .
                0x00000000000000e8                __section_table_end = .
 *(.after_vectors*)
 .after_vectors
                0x00000000000000e8       0x70 ./example/src/cr_startup_lpc11xx.o
                0x00000000000000e8                NMI_Handler
                0x00000000000000ea                HardFault_Handler
                0x00000000000000ec                SVC_Handler
                0x00000000000000ee                PendSV_Handler
                0x00000000000000f0                SysTick_Handler
                0x00000000000000f2                FLEX_INT1_IRQHandler
                0x00000000000000f2                IntDefaultHandler
                0x00000000000000f2                SSP0_IRQHandler
                0x00000000000000f2                USBWakeup_IRQHandler
                0x00000000000000f2                GINT1_IRQHandler
                0x00000000000000f2                UART_IRQHandler
                0x00000000000000f2                TIMER32_0_IRQHandler
                0x00000000000000f2                FLEX_INT7_IRQHandler
                0x00000000000000f2                TIMER32_1_IRQHandler
                0x00000000000000f2                FLEX_INT6_IRQHandler
                0x00000000000000f2                FMC_IRQHandler
                0x00000000000000f2                TIMER16_0_IRQHandler
                0x00000000000000f2                FLEX_INT0_IRQHandler
                0x00000000000000f2                FLEX_INT2_IRQHandler
                0x00000000000000f2                TIMER16_1_IRQHandler
                0x00000000000000f2                USB_FIQHandler
                0x00000000000000f2                FLEX_INT5_IRQHandler
                0x00000000000000f2                ADC_IRQHandler
                0x00000000000000f2                SSP1_IRQHandler
                0x00000000000000f2                FLEX_INT3_IRQHandler
                0x00000000000000f2                BOD_IRQHandler
                0x00000000000000f2                I2C_IRQHandler
                0x00000000000000f2                WDT_IRQHandler
                0x00000000000000f2                GINT0_IRQHandler
                0x00000000000000f2                FLEX_INT4_IRQHandler
                0x00000000000000f4                data_init
                0x0000000000000106                bss_init
                0x0000000000000116                ResetISR
 *(.text*)
 .text.HID_GetReport
                0x0000000000000158        0x4 ./example/src/hid_generic.o
 .text.HID_SetReport
                0x000000000000015c        0x4 ./example/src/hid_generic.o
 .text.HID_Ep_Hdlr
                0x0000000000000160       0x3c ./example/src/hid_generic.o
 .text.usb_hid_init
                0x000000000000019c       0xac ./example/src/hid_generic.o
                0x000000000000019c                usb_hid_init
 .text.usb_pin_clk_init
                0x0000000000000248       0x30 ./example/src/hid_main.o
 .text.USB_IRQHandler
                0x0000000000000278       0x1c ./example/src/hid_main.o
                0x0000000000000278                USB_IRQHandler
 .text.main     0x0000000000000294       0xa4 ./example/src/hid_main.o
                0x0000000000000294                main
 .text.SystemInit
                0x0000000000000338        0x8 ./example/src/sysinit.o
                0x0000000000000338                SystemInit
 .text.Board_LED_Init
                0x0000000000000340       0x14 /Users/mikeqin/Documents/LPCXpresso_7.3.0/workspace/loopbackdemo/nxplib/nxp_lpcxpresso_11u14_board_lib/Debug/libnxp_lpcxpresso_11u14_board_lib.a(board.o)
 .text.__sys_write
                0x0000000000000354        0x4 /Users/mikeqin/Documents/LPCXpresso_7.3.0/workspace/loopbackdemo/nxplib/nxp_lpcxpresso_11u14_board_lib/Debug/libnxp_lpcxpresso_11u14_board_lib.a(board.o)
                0x0000000000000354                __sys_write
 .text.Board_Init
                0x0000000000000358       0x10 /Users/mikeqin/Documents/LPCXpresso_7.3.0/workspace/loopbackdemo/nxplib/nxp_lpcxpresso_11u14_board_lib/Debug/libnxp_lpcxpresso_11u14_board_lib.a(board.o)
                0x0000000000000358                Board_Init
 .text.SystemSetupClocking
                0x0000000000000368       0x80 /Users/mikeqin/Documents/LPCXpresso_7.3.0/workspace/loopbackdemo/nxplib/nxp_lpcxpresso_11u14_board_lib/Debug/libnxp_lpcxpresso_11u14_board_lib.a(board_sysinit.o)
 .text.SystemSetupMuxing
                0x00000000000003e8       0x3c /Users/mikeqin/Documents/LPCXpresso_7.3.0/workspace/loopbackdemo/nxplib/nxp_lpcxpresso_11u14_board_lib/Debug/libnxp_lpcxpresso_11u14_board_lib.a(board_sysinit.o)
 .text.Board_SystemInit
                0x0000000000000424        0xc /Users/mikeqin/Documents/LPCXpresso_7.3.0/workspace/loopbackdemo/nxplib/nxp_lpcxpresso_11u14_board_lib/Debug/libnxp_lpcxpresso_11u14_board_lib.a(board_sysinit.o)
                0x0000000000000424                Board_SystemInit
 .text.Chip_Clock_SetSystemPLLSource
                0x0000000000000430       0x14 /Users/mikeqin/Documents/LPCXpresso_7.3.0/workspace/loopbackdemo/nxplib/lpc_chip_11uxx_lib/Debug/liblpc_chip_11uxx_lib.a(clock_11xx.o)
                0x0000000000000430                Chip_Clock_SetSystemPLLSource
 .text.Chip_Clock_SetUSBPLLSource
                0x0000000000000444       0x14 /Users/mikeqin/Documents/LPCXpresso_7.3.0/workspace/loopbackdemo/nxplib/lpc_chip_11uxx_lib/Debug/liblpc_chip_11uxx_lib.a(clock_11xx.o)
                0x0000000000000444                Chip_Clock_SetUSBPLLSource
 .text.Chip_Clock_SetMainClockSource
                0x0000000000000458       0x14 /Users/mikeqin/Documents/LPCXpresso_7.3.0/workspace/loopbackdemo/nxplib/lpc_chip_11uxx_lib/Debug/liblpc_chip_11uxx_lib.a(clock_11xx.o)
                0x0000000000000458                Chip_Clock_SetMainClockSource
 .text.Chip_Clock_SetUSBClockSource
                0x000000000000046c       0x1c /Users/mikeqin/Documents/LPCXpresso_7.3.0/workspace/loopbackdemo/nxplib/lpc_chip_11uxx_lib/Debug/liblpc_chip_11uxx_lib.a(clock_11xx.o)
                0x000000000000046c                Chip_Clock_SetUSBClockSource
 .text.Chip_GPIO_Init
                0x0000000000000488       0x14 /Users/mikeqin/Documents/LPCXpresso_7.3.0/workspace/loopbackdemo/nxplib/lpc_chip_11uxx_lib/Debug/liblpc_chip_11uxx_lib.a(gpio_11xx_1.o)
                0x0000000000000488                Chip_GPIO_Init
 .text.Chip_IOCON_PinMuxSet
                0x000000000000049c       0x14 /Users/mikeqin/Documents/LPCXpresso_7.3.0/workspace/loopbackdemo/nxplib/lpc_chip_11uxx_lib/Debug/liblpc_chip_11uxx_lib.a(iocon_11xx.o)
                0x000000000000049c                Chip_IOCON_PinMuxSet
 .text.Chip_SYSCTL_PowerDown
                0x00000000000004b0       0x20 /Users/mikeqin/Documents/LPCXpresso_7.3.0/workspace/loopbackdemo/nxplib/lpc_chip_11uxx_lib/Debug/liblpc_chip_11uxx_lib.a(sysctl_11xx.o)
                0x00000000000004b0                Chip_SYSCTL_PowerDown
 .text.Chip_SYSCTL_PowerUp
                0x00000000000004d0       0x28 /Users/mikeqin/Documents/LPCXpresso_7.3.0/workspace/loopbackdemo/nxplib/lpc_chip_11uxx_lib/Debug/liblpc_chip_11uxx_lib.a(sysctl_11xx.o)
                0x00000000000004d0                Chip_SYSCTL_PowerUp
 .text.def_ep_handler
                0x00000000000004f8        0x4 /Users/mikeqin/Documents/LPCXpresso_7.3.0/workspace/loopbackdemo/nxplib/lpc_chip_11uxx_lib/libs/libusbd_11uxx_lib.a(hw_usbd_ip3511.o)
                0x00000000000004f8                def_ep_handler
 .text.hwUSB_ForceFullSpeed
                0x00000000000004fc        0x4 /Users/mikeqin/Documents/LPCXpresso_7.3.0/workspace/loopbackdemo/nxplib/lpc_chip_11uxx_lib/libs/libusbd_11uxx_lib.a(hw_usbd_ip3511.o)
                0x00000000000004fc                hwUSB_ForceFullSpeed
 .text.hwUSB_GetMemSize
                0x0000000000000500       0x14 /Users/mikeqin/Documents/LPCXpresso_7.3.0/workspace/loopbackdemo/nxplib/lpc_chip_11uxx_lib/libs/libusbd_11uxx_lib.a(hw_usbd_ip3511.o)
                0x0000000000000500                hwUSB_GetMemSize
 .text.hwUSB_Connect
                0x0000000000000514       0x28 /Users/mikeqin/Documents/LPCXpresso_7.3.0/workspace/loopbackdemo/nxplib/lpc_chip_11uxx_lib/libs/libusbd_11uxx_lib.a(hw_usbd_ip3511.o)
                0x0000000000000514                hwUSB_Connect
 .text.hwUSB_WakeUp
                0x000000000000053c       0x20 /Users/mikeqin/Documents/LPCXpresso_7.3.0/workspace/loopbackdemo/nxplib/lpc_chip_11uxx_lib/libs/libusbd_11uxx_lib.a(hw_usbd_ip3511.o)
                0x000000000000053c                hwUSB_WakeUp
 .text.hwUSB_WakeUpCfg
                0x000000000000055c       0x28 /Users/mikeqin/Documents/LPCXpresso_7.3.0/workspace/loopbackdemo/nxplib/lpc_chip_11uxx_lib/libs/libusbd_11uxx_lib.a(hw_usbd_ip3511.o)
                0x000000000000055c                hwUSB_WakeUpCfg
 .text.hwUSB_SetAddress
                0x0000000000000584       0x1c /Users/mikeqin/Documents/LPCXpresso_7.3.0/workspace/loopbackdemo/nxplib/lpc_chip_11uxx_lib/libs/libusbd_11uxx_lib.a(hw_usbd_ip3511.o)
                0x0000000000000584                hwUSB_SetAddress
 .text.hwUSB_SetTestMode
                0x00000000000005a0        0x8 /Users/mikeqin/Documents/LPCXpresso_7.3.0/workspace/loopbackdemo/nxplib/lpc_chip_11uxx_lib/libs/libusbd_11uxx_lib.a(hw_usbd_ip3511.o)
                0x00000000000005a0                hwUSB_SetTestMode
 .text.hwUSB_Configure
                0x00000000000005a8       0x24 /Users/mikeqin/Documents/LPCXpresso_7.3.0/workspace/loopbackdemo/nxplib/lpc_chip_11uxx_lib/libs/libusbd_11uxx_lib.a(hw_usbd_ip3511.o)
                0x00000000000005a8                hwUSB_Configure
 .text.hwUSB_ConfigEP
                0x00000000000005cc       0xcc /Users/mikeqin/Documents/LPCXpresso_7.3.0/workspace/loopbackdemo/nxplib/lpc_chip_11uxx_lib/libs/libusbd_11uxx_lib.a(hw_usbd_ip3511.o)
                0x00000000000005cc                hwUSB_ConfigEP
 .text.hwUSB_DirCtrlEP
                0x0000000000000698        0x4 /Users/mikeqin/Documents/LPCXpresso_7.3.0/workspace/loopbackdemo/nxplib/lpc_chip_11uxx_lib/libs/libusbd_11uxx_lib.a(hw_usbd_ip3511.o)
                0x0000000000000698                hwUSB_DirCtrlEP
 .text.hwUSB_EnableEP
                0x000000000000069c       0x50 /Users/mikeqin/Documents/LPCXpresso_7.3.0/workspace/loopbackdemo/nxplib/lpc_chip_11uxx_lib/libs/libusbd_11uxx_lib.a(hw_usbd_ip3511.o)
                0x000000000000069c                hwUSB_EnableEP
 .text.hwUSB_DisableEP
                0x00000000000006ec       0x34 /Users/mikeqin/Documents/LPCXpresso_7.3.0/workspace/loopbackdemo/nxplib/lpc_chip_11uxx_lib/libs/libusbd_11uxx_lib.a(hw_usbd_ip3511.o)
                0x00000000000006ec                hwUSB_DisableEP
 .text.hwUSB_ResetEP
                0x0000000000000720       0x4c /Users/mikeqin/Documents/LPCXpresso_7.3.0/workspace/loopbackdemo/nxplib/lpc_chip_11uxx_lib/libs/libusbd_11uxx_lib.a(hw_usbd_ip3511.o)
                0x0000000000000720                hwUSB_ResetEP
 .text.hwUSB_SetStallEP
                0x000000000000076c       0xb0 /Users/mikeqin/Documents/LPCXpresso_7.3.0/workspace/loopbackdemo/nxplib/lpc_chip_11uxx_lib/libs/libusbd_11uxx_lib.a(hw_usbd_ip3511.o)
                0x000000000000076c                hwUSB_SetStallEP
 .text.hwUSB_ClrStallEP
                0x000000000000081c       0xc0 /Users/mikeqin/Documents/LPCXpresso_7.3.0/workspace/loopbackdemo/nxplib/lpc_chip_11uxx_lib/libs/libusbd_11uxx_lib.a(hw_usbd_ip3511.o)
                0x000000000000081c                hwUSB_ClrStallEP
 .text.hwUSB_EnableEvent
                0x00000000000008dc      0x120 /Users/mikeqin/Documents/LPCXpresso_7.3.0/workspace/loopbackdemo/nxplib/lpc_chip_11uxx_lib/libs/libusbd_11uxx_lib.a(hw_usbd_ip3511.o)
                0x00000000000008dc                hwUSB_EnableEvent
 .text.hwUSB_ReadSetupPkt
                0x00000000000009fc       0x58 /Users/mikeqin/Documents/LPCXpresso_7.3.0/workspace/loopbackdemo/nxplib/lpc_chip_11uxx_lib/libs/libusbd_11uxx_lib.a(hw_usbd_ip3511.o)
                0x00000000000009fc                hwUSB_ReadSetupPkt
 .text.hwUSB_ReadReqEP
                0x0000000000000a54        0x4 /Users/mikeqin/Documents/LPCXpresso_7.3.0/workspace/loopbackdemo/nxplib/lpc_chip_11uxx_lib/libs/libusbd_11uxx_lib.a(hw_usbd_ip3511.o)
                0x0000000000000a54                hwUSB_ReadReqEP
 .text.hwUSB_ReadEP
                0x0000000000000a58       0xdc /Users/mikeqin/Documents/LPCXpresso_7.3.0/workspace/loopbackdemo/nxplib/lpc_chip_11uxx_lib/libs/libusbd_11uxx_lib.a(hw_usbd_ip3511.o)
                0x0000000000000a58                hwUSB_ReadEP
 .text.hwUSB_WriteEP
                0x0000000000000b34       0xdc /Users/mikeqin/Documents/LPCXpresso_7.3.0/workspace/loopbackdemo/nxplib/lpc_chip_11uxx_lib/libs/libusbd_11uxx_lib.a(hw_usbd_ip3511.o)
                0x0000000000000b34                hwUSB_WriteEP
 .text.hwUSB_Reset
                0x0000000000000c10       0xcc /Users/mikeqin/Documents/LPCXpresso_7.3.0/workspace/loopbackdemo/nxplib/lpc_chip_11uxx_lib/libs/libusbd_11uxx_lib.a(hw_usbd_ip3511.o)
                0x0000000000000c10                hwUSB_Reset
 .text.hwUSB_Init
                0x0000000000000cdc      0x1fc /Users/mikeqin/Documents/LPCXpresso_7.3.0/workspace/loopbackdemo/nxplib/lpc_chip_11uxx_lib/libs/libusbd_11uxx_lib.a(hw_usbd_ip3511.o)
                0x0000000000000cdc                hwUSB_Init
 .text.hwUSB_ISR
                0x0000000000000ed8      0x1b0 /Users/mikeqin/Documents/LPCXpresso_7.3.0/workspace/loopbackdemo/nxplib/lpc_chip_11uxx_lib/libs/libusbd_11uxx_lib.a(hw_usbd_ip3511.o)
                0x0000000000000ed8                hwUSB_ISR
 .text.USB_ReqGetConfiguration
                0x0000000000001088       0x24 /Users/mikeqin/Documents/LPCXpresso_7.3.0/workspace/loopbackdemo/nxplib/lpc_chip_11uxx_lib/libs/libusbd_11uxx_lib.a(mw_usbd_core.o)
                0x0000000000001088                USB_ReqGetConfiguration
 .text.USBD_virt_to_phys
                0x00000000000010ac        0x4 /Users/mikeqin/Documents/LPCXpresso_7.3.0/workspace/loopbackdemo/nxplib/lpc_chip_11uxx_lib/libs/libusbd_11uxx_lib.a(mw_usbd_core.o)
                0x00000000000010ac                USBD_virt_to_phys
 .text.USBD_cache_flush
                0x00000000000010b0        0x4 /Users/mikeqin/Documents/LPCXpresso_7.3.0/workspace/loopbackdemo/nxplib/lpc_chip_11uxx_lib/libs/libusbd_11uxx_lib.a(mw_usbd_core.o)
                0x00000000000010b0                USBD_cache_flush
 .text.USB_ReqGetStatus
                0x00000000000010b4       0xa4 /Users/mikeqin/Documents/LPCXpresso_7.3.0/workspace/loopbackdemo/nxplib/lpc_chip_11uxx_lib/libs/libusbd_11uxx_lib.a(mw_usbd_core.o)
                0x00000000000010b4                USB_ReqGetStatus
 .text.USB_ReqGetDescriptor
                0x0000000000001158      0x11c /Users/mikeqin/Documents/LPCXpresso_7.3.0/workspace/loopbackdemo/nxplib/lpc_chip_11uxx_lib/libs/libusbd_11uxx_lib.a(mw_usbd_core.o)
                0x0000000000001158                USB_ReqGetDescriptor
 .text.USB_ReqGetInterface
                0x0000000000001274       0x40 /Users/mikeqin/Documents/LPCXpresso_7.3.0/workspace/loopbackdemo/nxplib/lpc_chip_11uxx_lib/libs/libusbd_11uxx_lib.a(mw_usbd_core.o)
                0x0000000000001274                USB_ReqGetInterface
 .text.USB_ReqSetInterface
                0x00000000000012b4      0x170 /Users/mikeqin/Documents/LPCXpresso_7.3.0/workspace/loopbackdemo/nxplib/lpc_chip_11uxx_lib/libs/libusbd_11uxx_lib.a(mw_usbd_core.o)
                0x00000000000012b4                USB_ReqSetInterface
 .text.USB_ReqSetConfiguration
                0x0000000000001424      0x258 /Users/mikeqin/Documents/LPCXpresso_7.3.0/workspace/loopbackdemo/nxplib/lpc_chip_11uxx_lib/libs/libusbd_11uxx_lib.a(mw_usbd_core.o)
                0x0000000000001424                USB_ReqSetConfiguration
 .text.USB_ReqSetClrFeature
                0x000000000000167c       0xe0 /Users/mikeqin/Documents/LPCXpresso_7.3.0/workspace/loopbackdemo/nxplib/lpc_chip_11uxx_lib/libs/libusbd_11uxx_lib.a(mw_usbd_core.o)
                0x000000000000167c                USB_ReqSetClrFeature
 .text.USB_EvtOutHandler
                0x000000000000175c       0xe4 /Users/mikeqin/Documents/LPCXpresso_7.3.0/workspace/loopbackdemo/nxplib/lpc_chip_11uxx_lib/libs/libusbd_11uxx_lib.a(mw_usbd_core.o)
                0x000000000000175c                USB_EvtOutHandler
 .text.USB_EndPoint0
                0x0000000000001840      0x140 /Users/mikeqin/Documents/LPCXpresso_7.3.0/workspace/loopbackdemo/nxplib/lpc_chip_11uxx_lib/libs/libusbd_11uxx_lib.a(mw_usbd_core.o)
                0x0000000000001840                USB_EndPoint0
 .text.USB_EvtSetupHandler
                0x0000000000001980      0x1f4 /Users/mikeqin/Documents/LPCXpresso_7.3.0/workspace/loopbackdemo/nxplib/lpc_chip_11uxx_lib/libs/libusbd_11uxx_lib.a(mw_usbd_core.o)
                0x0000000000001980                USB_EvtSetupHandler
 .text.mwUSB_ResetCore
                0x0000000000001b74       0x80 /Users/mikeqin/Documents/LPCXpresso_7.3.0/workspace/loopbackdemo/nxplib/lpc_chip_11uxx_lib/libs/libusbd_11uxx_lib.a(mw_usbd_core.o)
                0x0000000000001b74                mwUSB_ResetCore
 .text.mwUSB_SetupStage
                0x0000000000001bf4       0x10 /Users/mikeqin/Documents/LPCXpresso_7.3.0/workspace/loopbackdemo/nxplib/lpc_chip_11uxx_lib/libs/libusbd_11uxx_lib.a(mw_usbd_core.o)
                0x0000000000001bf4                mwUSB_SetupStage
 .text.mwUSB_DataInStage
                0x0000000000001c04       0x34 /Users/mikeqin/Documents/LPCXpresso_7.3.0/workspace/loopbackdemo/nxplib/lpc_chip_11uxx_lib/libs/libusbd_11uxx_lib.a(mw_usbd_core.o)
                0x0000000000001c04                mwUSB_DataInStage
 .text.mwUSB_DataOutStage
                0x0000000000001c38       0x24 /Users/mikeqin/Documents/LPCXpresso_7.3.0/workspace/loopbackdemo/nxplib/lpc_chip_11uxx_lib/libs/libusbd_11uxx_lib.a(mw_usbd_core.o)
                0x0000000000001c38                mwUSB_DataOutStage
 .text.mwUSB_StatusInStage
                0x0000000000001c5c       0x10 /Users/mikeqin/Documents/LPCXpresso_7.3.0/workspace/loopbackdemo/nxplib/lpc_chip_11uxx_lib/libs/libusbd_11uxx_lib.a(mw_usbd_core.o)
                0x0000000000001c5c                mwUSB_StatusInStage
 .text.mwUSB_StatusOutStage
                0x0000000000001c6c       0x10 /Users/mikeqin/Documents/LPCXpresso_7.3.0/workspace/loopbackdemo/nxplib/lpc_chip_11uxx_lib/libs/libusbd_11uxx_lib.a(mw_usbd_core.o)
                0x0000000000001c6c                mwUSB_StatusOutStage
 .text.mwUSB_StallEp0
                0x0000000000001c7c       0x14 /Users/mikeqin/Documents/LPCXpresso_7.3.0/workspace/loopbackdemo/nxplib/lpc_chip_11uxx_lib/libs/libusbd_11uxx_lib.a(mw_usbd_core.o)
                0x0000000000001c7c                mwUSB_StallEp0
 .text.mwUSB_InitCore
                0x0000000000001c90       0xe8 /Users/mikeqin/Documents/LPCXpresso_7.3.0/workspace/loopbackdemo/nxplib/lpc_chip_11uxx_lib/libs/libusbd_11uxx_lib.a(mw_usbd_core.o)
                0x0000000000001c90                mwUSB_InitCore
 .text.mwUSB_RegisterClassHandler
                0x0000000000001d78       0x2c /Users/mikeqin/Documents/LPCXpresso_7.3.0/workspace/loopbackdemo/nxplib/lpc_chip_11uxx_lib/libs/libusbd_11uxx_lib.a(mw_usbd_core.o)
                0x0000000000001d78                mwUSB_RegisterClassHandler
 .text.mwUSB_RegisterEpHandler
                0x0000000000001da4       0x28 /Users/mikeqin/Documents/LPCXpresso_7.3.0/workspace/loopbackdemo/nxplib/lpc_chip_11uxx_lib/libs/libusbd_11uxx_lib.a(mw_usbd_core.o)
                0x0000000000001da4                mwUSB_RegisterEpHandler
 .text.mwHID_GetReportDesc
                0x0000000000001dcc       0x1c /Users/mikeqin/Documents/LPCXpresso_7.3.0/workspace/loopbackdemo/nxplib/lpc_chip_11uxx_lib/libs/libusbd_11uxx_lib.a(mw_usbd_hiduser.o)
                0x0000000000001dcc                mwHID_GetReportDesc
 .text.mwHID_SetIdle
                0x0000000000001de8       0x30 /Users/mikeqin/Documents/LPCXpresso_7.3.0/workspace/loopbackdemo/nxplib/lpc_chip_11uxx_lib/libs/libusbd_11uxx_lib.a(mw_usbd_hiduser.o)
                0x0000000000001de8                mwHID_SetIdle
 .text.mwHID_ep0_hdlr
                0x0000000000001e18      0x1e8 /Users/mikeqin/Documents/LPCXpresso_7.3.0/workspace/loopbackdemo/nxplib/lpc_chip_11uxx_lib/libs/libusbd_11uxx_lib.a(mw_usbd_hiduser.o)
                0x0000000000001e18                mwHID_ep0_hdlr
 .text.mwHID_GetMemSize
                0x0000000000002000        0x8 /Users/mikeqin/Documents/LPCXpresso_7.3.0/workspace/loopbackdemo/nxplib/lpc_chip_11uxx_lib/libs/libusbd_11uxx_lib.a(mw_usbd_hiduser.o)
                0x0000000000002000                mwHID_GetMemSize
 .text.mwHID_init
                0x0000000000002008      0x1a0 /Users/mikeqin/Documents/LPCXpresso_7.3.0/workspace/loopbackdemo/nxplib/lpc_chip_11uxx_lib/libs/libusbd_11uxx_lib.a(mw_usbd_hiduser.o)
                0x0000000000002008                mwHID_init
 .text.__main   0x00000000000021a8       0x12 /Applications/lpcxpresso_7.3.0_186/lpcxpresso/tools/bin/../lib/gcc/arm-none-eabi/4.8.4/../../../../arm-none-eabi/lib/armv6-m/libcr_nohost.a(_cr__main.o)
                0x00000000000021a8                __main
 .text.memcpy   0x00000000000021ba        0x8 /Applications/lpcxpresso_7.3.0_186/lpcxpresso/tools/bin/../lib/gcc/arm-none-eabi/4.8.4/../../../../arm-none-eabi/lib/armv6-m/libcr_c.a(memcpy.o)
                0x00000000000021ba                memcpy
 .text.memset   0x00000000000021c2        0x8 /Applications/lpcxpresso_7.3.0_186/lpcxpresso/tools/bin/../lib/gcc/arm-none-eabi/4.8.4/../../../../arm-none-eabi/lib/armv6-m/libcr_c.a(memset.o)
                0x00000000000021c2                memset
 *fill*         0x00000000000021ca        0x2 
 .text._initio  0x00000000000021cc       0xa4 /Applications/lpcxpresso_7.3.0_186/lpcxpresso/tools/bin/../lib/gcc/arm-none-eabi/4.8.4/../../../../arm-none-eabi/lib/armv6-m/libcr_c.a(initio.o)
                0x00000000000021cc                _initio
 .text.setvbuf  0x0000000000002270       0x48 /Applications/lpcxpresso_7.3.0_186/lpcxpresso/tools/bin/../lib/gcc/arm-none-eabi/4.8.4/../../../../arm-none-eabi/lib/armv6-m/libcr_c.a(setvbuf.o)
                0x0000000000002270                setvbuf
 .text._deferredlazyseek
                0x00000000000022b8       0x44 /Applications/lpcxpresso_7.3.0_186/lpcxpresso/tools/bin/../lib/gcc/arm-none-eabi/4.8.4/../../../../arm-none-eabi/lib/armv6-m/libcr_c.a(_deferredlazyseek.o)
                0x00000000000022b8                _deferredlazyseek
 .text._fdopen  0x00000000000022fc       0x68 /Applications/lpcxpresso_7.3.0_186/lpcxpresso/tools/bin/../lib/gcc/arm-none-eabi/4.8.4/../../../../arm-none-eabi/lib/armv6-m/libcr_c.a(_fdopen.o)
                0x00000000000022fc                _fdopen
 .text._fflush  0x0000000000002364       0x64 /Applications/lpcxpresso_7.3.0_186/lpcxpresso/tools/bin/../lib/gcc/arm-none-eabi/4.8.4/../../../../arm-none-eabi/lib/armv6-m/libcr_c.a(_fflush.o)
                0x0000000000002364                _fflush
 .text._Cwritebuf
                0x00000000000023c8       0x6c /Applications/lpcxpresso_7.3.0_186/lpcxpresso/tools/bin/../lib/gcc/arm-none-eabi/4.8.4/../../../../arm-none-eabi/lib/armv6-m/libcr_c.a(_writebuf.o)
                0x00000000000023c8                _Cwritebuf
 .text.malloc   0x0000000000002434       0xc0 /Applications/lpcxpresso_7.3.0_186/lpcxpresso/tools/bin/../lib/gcc/arm-none-eabi/4.8.4/../../../../arm-none-eabi/lib/armv6-m/libcr_c.a(alloc.o)
                0x0000000000002434                malloc
 .text.free     0x00000000000024f4        0xe /Applications/lpcxpresso_7.3.0_186/lpcxpresso/tools/bin/../lib/gcc/arm-none-eabi/4.8.4/../../../../arm-none-eabi/lib/armv6-m/libcr_c.a(alloc.o)
                0x00000000000024f4                free
 *fill*         0x0000000000002502        0x2 
 .text._Csys_alloc
                0x0000000000002504       0x20 /Applications/lpcxpresso_7.3.0_186/lpcxpresso/tools/bin/../lib/gcc/arm-none-eabi/4.8.4/../../../../arm-none-eabi/lib/armv6-m/libcr_c.a(alloc.o)
                0x0000000000002504                _Csys_alloc
 .text.fclose   0x0000000000002524       0x70 /Applications/lpcxpresso_7.3.0_186/lpcxpresso/tools/bin/../lib/gcc/arm-none-eabi/4.8.4/../../../../arm-none-eabi/lib/armv6-m/libcr_c.a(fclose.o)
                0x0000000000002524                fclose
 .text.fflush   0x0000000000002594       0x34 /Applications/lpcxpresso_7.3.0_186/lpcxpresso/tools/bin/../lib/gcc/arm-none-eabi/4.8.4/../../../../arm-none-eabi/lib/armv6-m/libcr_c.a(fflush.o)
                0x0000000000002594                fflush
 .text.fseek    0x00000000000025c8       0xf8 /Applications/lpcxpresso_7.3.0_186/lpcxpresso/tools/bin/../lib/gcc/arm-none-eabi/4.8.4/../../../../arm-none-eabi/lib/armv6-m/libcr_c.a(fseek.o)
                0x00000000000025c8                fseek
 .text.ftell    0x00000000000026c0       0x4c /Applications/lpcxpresso_7.3.0_186/lpcxpresso/tools/bin/../lib/gcc/arm-none-eabi/4.8.4/../../../../arm-none-eabi/lib/armv6-m/libcr_c.a(ftell.o)
                0x00000000000026c0                ftell
 .text.remove   0x000000000000270c       0x12 /Applications/lpcxpresso_7.3.0_186/lpcxpresso/tools/bin/../lib/gcc/arm-none-eabi/4.8.4/../../../../arm-none-eabi/lib/armv6-m/libcr_c.a(remove.o)
                0x000000000000270c                remove
 *fill*         0x000000000000271e        0x2 
 .text.strlen   0x0000000000002720       0x54 /Applications/lpcxpresso_7.3.0_186/lpcxpresso/tools/bin/../lib/gcc/arm-none-eabi/4.8.4/../../../../arm-none-eabi/lib/armv6-m/libcr_c.a(strlen.o)
                0x0000000000002720                strlen
 .text._sbrk    0x0000000000002774       0x40 /Applications/lpcxpresso_7.3.0_186/lpcxpresso/tools/bin/../lib/gcc/arm-none-eabi/4.8.4/../../../../arm-none-eabi/lib/armv6-m/libcr_c.a(_cr_sbrk.o)
                0x0000000000002774                _sbrk
 .text._do_fflush
                0x00000000000027b4       0x48 /Applications/lpcxpresso_7.3.0_186/lpcxpresso/tools/bin/../lib/gcc/arm-none-eabi/4.8.4/../../../../arm-none-eabi/lib/armv6-m/libcr_c.a(_do_fflush.o)
                0x00000000000027b4                _do_fflush
 .text.__check_heap_overflow
                0x00000000000027fc       0x18 /Applications/lpcxpresso_7.3.0_186/lpcxpresso/tools/bin/../lib/gcc/arm-none-eabi/4.8.4/../../../../arm-none-eabi/lib/armv6-m/libcr_c.a(_cr_check_heap.o)
                0x00000000000027fc                __check_heap_overflow
 .text.__aeabi_memcpy
                0x0000000000002814       0x2c /Applications/lpcxpresso_7.3.0_186/lpcxpresso/tools/bin/../lib/gcc/arm-none-eabi/4.8.4/armv6-m/libcr_eabihelpers.a(memcpy.o)
                0x0000000000002814                __aeabi_memcpy
                0x0000000000002814                __aeabi_memcpy4
                0x0000000000002814                __aeabi_memcpy8
 .text.__aeabi_memset_lowlevel
                0x0000000000002840       0x2a /Applications/lpcxpresso_7.3.0_186/lpcxpresso/tools/bin/../lib/gcc/arm-none-eabi/4.8.4/armv6-m/libcr_eabihelpers.a(memcpy.o)
                0x0000000000002840                __aeabi_lowlevel_memset
 .text.__sys_appexit
                0x000000000000286a        0x2 /Applications/lpcxpresso_7.3.0_186/lpcxpresso/tools/bin/../lib/gcc/arm-none-eabi/4.8.4/../../../../arm-none-eabi/lib/armv6-m/libcr_nohost.a(__sys_appexit.o)
                0x000000000000286a                __exit
                0x000000000000286a                __sys_appexit
 .text.__sys_close
                0x000000000000286c        0x6 /Applications/lpcxpresso_7.3.0_186/lpcxpresso/tools/bin/../lib/gcc/arm-none-eabi/4.8.4/../../../../arm-none-eabi/lib/armv6-m/libcr_nohost.a(__sys_close.o)
                0x000000000000286c                __sys_close
 .text.__sys_flen
                0x0000000000002872        0x6 /Applications/lpcxpresso_7.3.0_186/lpcxpresso/tools/bin/../lib/gcc/arm-none-eabi/4.8.4/../../../../arm-none-eabi/lib/armv6-m/libcr_nohost.a(__sys_flen.o)
                0x0000000000002872                __sys_flen
 .text.__sys_istty
                0x0000000000002878        0x6 /Applications/lpcxpresso_7.3.0_186/lpcxpresso/tools/bin/../lib/gcc/arm-none-eabi/4.8.4/../../../../arm-none-eabi/lib/armv6-m/libcr_nohost.a(__sys_istty.o)
                0x0000000000002878                __sys_istty
 .text.__sys_remove
                0x000000000000287e        0x6 /Applications/lpcxpresso_7.3.0_186/lpcxpresso/tools/bin/../lib/gcc/arm-none-eabi/4.8.4/../../../../arm-none-eabi/lib/armv6-m/libcr_nohost.a(__sys_remove.o)
                0x000000000000287e                __sys_remove
 .text.__sys_seek
                0x0000000000002884        0x6 /Applications/lpcxpresso_7.3.0_186/lpcxpresso/tools/bin/../lib/gcc/arm-none-eabi/4.8.4/../../../../arm-none-eabi/lib/armv6-m/libcr_nohost.a(__sys_seek.o)
                0x0000000000002884                __sys_seek
 .text.__sys_tmpnam
                0x000000000000288a        0x6 /Applications/lpcxpresso_7.3.0_186/lpcxpresso/tools/bin/../lib/gcc/arm-none-eabi/4.8.4/../../../../arm-none-eabi/lib/armv6-m/libcr_nohost.a(__sys_tmpnam.o)
                0x000000000000288a                __sys_tmpnam
 *(.rodata .rodata.* .constdata .constdata.*)
 .rodata.HID_ReportDescSize
                0x0000000000002890        0x2 ./example/src/hid_desc.o
                0x0000000000002890                HID_ReportDescSize
 *fill*         0x0000000000002892        0x2 
 .rodata.HID_ReportDescriptor
                0x0000000000002894       0x24 ./example/src/hid_desc.o
                0x0000000000002894                HID_ReportDescriptor
 .rodata.USB_StringDescriptor
                0x00000000000028b8       0x68 ./example/src/hid_desc.o
                0x00000000000028b8                USB_StringDescriptor
 .rodata.USB_DeviceDescriptor
                0x0000000000002920       0x14 ./example/src/hid_desc.o
                0x0000000000002920                USB_DeviceDescriptor
 .rodata.g_usbApi
                0x0000000000002934       0x20 ./example/src/hid_main.o
 .rodata.pinmuxing
                0x0000000000002954       0x24 /Users/mikeqin/Documents/LPCXpresso_7.3.0/workspace/loopbackdemo/nxplib/nxp_lpcxpresso_11u14_board_lib/Debug/libnxp_lpcxpresso_11u14_board_lib.a(board_sysinit.o)
 .rodata.hw_api
                0x0000000000002978       0x5c /Users/mikeqin/Documents/LPCXpresso_7.3.0/workspace/loopbackdemo/nxplib/lpc_chip_11uxx_lib/libs/libusbd_11uxx_lib.a(mw_usbd_rom_api.o)
                0x0000000000002978                hw_api
 .rodata.core_api
                0x00000000000029d4       0x20 /Users/mikeqin/Documents/LPCXpresso_7.3.0/workspace/loopbackdemo/nxplib/lpc_chip_11uxx_lib/libs/libusbd_11uxx_lib.a(mw_usbd_rom_api.o)
                0x00000000000029d4                core_api
 .rodata.hid_api
                0x00000000000029f4        0x8 /Users/mikeqin/Documents/LPCXpresso_7.3.0/workspace/loopbackdemo/nxplib/lpc_chip_11uxx_lib/libs/libusbd_11uxx_lib.a(mw_usbd_rom_api.o)
                0x00000000000029f4                hid_api
 .rodata.hwUSB_EnableEvent
                0x00000000000029fc       0x38 /Users/mikeqin/Documents/LPCXpresso_7.3.0/workspace/loopbackdemo/nxplib/lpc_chip_11uxx_lib/libs/libusbd_11uxx_lib.a(hw_usbd_ip3511.o)
 .rodata.USB_EndPoint0
                0x0000000000002a34       0x20 /Users/mikeqin/Documents/LPCXpresso_7.3.0/workspace/loopbackdemo/nxplib/lpc_chip_11uxx_lib/libs/libusbd_11uxx_lib.a(mw_usbd_core.o)
 .rodata.USB_EvtSetupHandler
                0x0000000000002a54       0x30 /Users/mikeqin/Documents/LPCXpresso_7.3.0/workspace/loopbackdemo/nxplib/lpc_chip_11uxx_lib/libs/libusbd_11uxx_lib.a(mw_usbd_core.o)
 .rodata.mwHID_ep0_hdlr
                0x0000000000002a84       0x30 /Users/mikeqin/Documents/LPCXpresso_7.3.0/workspace/loopbackdemo/nxplib/lpc_chip_11uxx_lib/libs/libusbd_11uxx_lib.a(mw_usbd_hiduser.o)
 .rodata.str1.1
                0x0000000000002ab4        0x4 /Applications/lpcxpresso_7.3.0_186/lpcxpresso/tools/bin/../lib/gcc/arm-none-eabi/4.8.4/../../../../arm-none-eabi/lib/armv6-m/libcr_c.a(initio.o)
 .rodata.str1.1
                0x0000000000002ab8       0x18 /Applications/lpcxpresso_7.3.0_186/lpcxpresso/tools/bin/../lib/gcc/arm-none-eabi/4.8.4/../../../../arm-none-eabi/lib/armv6-m/libcr_c.a(alloc.o)
                0x0000000000002ad0                . = ALIGN (0x4)

.glue_7         0x0000000000002ad0        0x0
 .glue_7        0x0000000000000000        0x0 linker stubs

.glue_7t        0x0000000000002ad0        0x0
 .glue_7t       0x0000000000000000        0x0 linker stubs

.vfp11_veneer   0x0000000000002ad0        0x0
 .vfp11_veneer  0x0000000000000000        0x0 linker stubs

.v4_bx          0x0000000000002ad0        0x0
 .v4_bx         0x0000000000000000        0x0 linker stubs

.iplt           0x0000000000002ad0        0x0
 .iplt          0x0000000000000000        0x0 ./example/src/cr_startup_lpc11xx.o

.rel.dyn        0x0000000000002ad0        0x0
 .rel.iplt      0x0000000000000000        0x0 ./example/src/cr_startup_lpc11xx.o

.ARM.extab
 *(.ARM.extab* .gnu.linkonce.armextab.*)
                0x0000000000002ad0                __exidx_start = .

.ARM.exidx
 *(.ARM.exidx* .gnu.linkonce.armexidx.*)
                0x0000000000002ad0                __exidx_end = .
                0x0000000000002ad0                _etext = .

.data_RAM2      0x0000000020004000        0x0 load address 0x0000000000002ad0
 FILL mask 0xff
 *(.ramfunc.$RAM2)
 *(.ramfunc.$RamUsb2)
 *(.data.$RAM2*)
 *(.data.$RamUsb2*)
                0x0000000020004000                . = ALIGN (0x4)

.uninit_RESERVED
                0x0000000010000000        0x0
 *(.bss.$RESERVED*)
                0x0000000010000000                . = ALIGN (0x4)
                0x0000000010000000                _end_uninit_RESERVED = .

.data           0x0000000010000000       0x30 load address 0x0000000000002ad0
 FILL mask 0xff
                0x0000000010000000                _data = .
 *(vtable)
 *(.ramfunc*)
 *(.data*)
 .data.USB_FsConfigDescriptor
                0x0000000010000000       0x2c ./example/src/hid_desc.o
                0x0000000010000000                USB_FsConfigDescriptor
 .data.g_pUsbApi
                0x000000001000002c        0x4 ./example/src/hid_main.o
                0x000000001000002c                g_pUsbApi
                0x0000000010000030                . = ALIGN (0x4)
                0x0000000010000030                _edata = .

.igot.plt       0x0000000010000030        0x0 load address 0x0000000000002b00
 .igot.plt      0x0000000000000000        0x0 ./example/src/cr_startup_lpc11xx.o

.bss_RAM2       0x0000000020004000        0x0
 *(.bss.$RAM2*)
 *(.bss.$RamUsb2*)
                0x0000000020004000                . = ALIGN (0x4)

.bss            0x0000000010000030      0x158
                0x0000000010000030                _bss = .
 *(.bss*)
 .bss.loopback_report
                0x0000000010000030        0x4 ./example/src/hid_generic.o
 .bss.g_hUsb    0x0000000010000034        0x4 ./example/src/hid_main.o
 .bss.errno     0x0000000010000038        0x4 /Applications/lpcxpresso_7.3.0_186/lpcxpresso/tools/bin/../lib/gcc/arm-none-eabi/4.8.4/../../../../arm-none-eabi/lib/armv6-m/libcr_c.a(errno.o)
                0x0000000010000038                errno
 *(COMMON)
 COMMON         0x000000001000003c        0x4 /Applications/lpcxpresso_7.3.0_186/lpcxpresso/tools/bin/../lib/gcc/arm-none-eabi/4.8.4/../../../../arm-none-eabi/lib/armv6-m/libcr_c.a(initio.o)
                0x000000001000003c                _extra
 COMMON         0x0000000010000040      0x140 /Applications/lpcxpresso_7.3.0_186/lpcxpresso/tools/bin/../lib/gcc/arm-none-eabi/4.8.4/../../../../arm-none-eabi/lib/armv6-m/libcr_c.a(stdio.o)
                0x0000000010000040                __Ciob
 COMMON         0x0000000010000180        0x8 /Applications/lpcxpresso_7.3.0_186/lpcxpresso/tools/bin/../lib/gcc/arm-none-eabi/4.8.4/../../../../arm-none-eabi/lib/armv6-m/libcr_c.a(__init_alloc.o)
                0x0000000010000180                __heaps
                0x0000000010000184                __end_of_heap
                0x0000000010000188                . = ALIGN (0x4)
                0x0000000010000188                _ebss = .
                0x0000000010000188                PROVIDE (end, .)

.noinit_RAM2    0x0000000020004000        0x0
 *(.noinit.$RAM2*)
 *(.noinit.$RamUsb2*)
                0x0000000020004000                . = ALIGN (0x4)

.noinit         0x0000000010000188        0x0
                0x0000000010000188                _noinit = .
 *(.noinit*)
                0x0000000010000188                . = ALIGN (0x4)
                0x0000000010000188                _end_noinit = .
                0x0000000010000188                PROVIDE (_pvHeapStart, .)
                0x0000000010001000                PROVIDE (_vStackTop, (__top_RamLoc4 - 0x0))
OUTPUT(loopback_usbd_lib_hid.axf elf32-littlearm)

.debug_info     0x0000000000000000     0x6aea
 .debug_info    0x0000000000000000      0x252 ./example/src/cr_startup_lpc11xx.o
 .debug_info    0x0000000000000252      0x135 ./example/src/hid_desc.o
 .debug_info    0x0000000000000387     0x18b0 ./example/src/hid_generic.o
 .debug_info    0x0000000000001c37     0x1c66 ./example/src/hid_main.o
 .debug_info    0x000000000000389d       0xcd ./example/src/sysinit.o
 .debug_info    0x000000000000396a      0xc5e /Users/mikeqin/Documents/LPCXpresso_7.3.0/workspace/loopbackdemo/nxplib/nxp_lpcxpresso_11u14_board_lib/Debug/libnxp_lpcxpresso_11u14_board_lib.a(board.o)
 .debug_info    0x00000000000045c8      0xb05 /Users/mikeqin/Documents/LPCXpresso_7.3.0/workspace/loopbackdemo/nxplib/nxp_lpcxpresso_11u14_board_lib/Debug/libnxp_lpcxpresso_11u14_board_lib.a(board_sysinit.o)
 .debug_info    0x00000000000050cd      0x948 /Users/mikeqin/Documents/LPCXpresso_7.3.0/workspace/loopbackdemo/nxplib/lpc_chip_11uxx_lib/Debug/liblpc_chip_11uxx_lib.a(clock_11xx.o)
 .debug_info    0x0000000000005a15      0x9f9 /Users/mikeqin/Documents/LPCXpresso_7.3.0/workspace/loopbackdemo/nxplib/lpc_chip_11uxx_lib/Debug/liblpc_chip_11uxx_lib.a(gpio_11xx_1.o)
 .debug_info    0x000000000000640e      0x153 /Users/mikeqin/Documents/LPCXpresso_7.3.0/workspace/loopbackdemo/nxplib/lpc_chip_11uxx_lib/Debug/liblpc_chip_11uxx_lib.a(iocon_11xx.o)
 .debug_info    0x0000000000006561      0x589 /Users/mikeqin/Documents/LPCXpresso_7.3.0/workspace/loopbackdemo/nxplib/lpc_chip_11uxx_lib/Debug/liblpc_chip_11uxx_lib.a(sysctl_11xx.o)

.debug_abbrev   0x0000000000000000     0x1219
 .debug_abbrev  0x0000000000000000       0xf9 ./example/src/cr_startup_lpc11xx.o
 .debug_abbrev  0x00000000000000f9       0x60 ./example/src/hid_desc.o
 .debug_abbrev  0x0000000000000159      0x249 ./example/src/hid_generic.o
 .debug_abbrev  0x00000000000003a2      0x35e ./example/src/hid_main.o
 .debug_abbrev  0x0000000000000700       0x88 ./example/src/sysinit.o
 .debug_abbrev  0x0000000000000788      0x2ee /Users/mikeqin/Documents/LPCXpresso_7.3.0/workspace/loopbackdemo/nxplib/nxp_lpcxpresso_11u14_board_lib/Debug/libnxp_lpcxpresso_11u14_board_lib.a(board.o)
 .debug_abbrev  0x0000000000000a76      0x26e /Users/mikeqin/Documents/LPCXpresso_7.3.0/workspace/loopbackdemo/nxplib/nxp_lpcxpresso_11u14_board_lib/Debug/libnxp_lpcxpresso_11u14_board_lib.a(board_sysinit.o)
 .debug_abbrev  0x0000000000000ce4      0x1fb /Users/mikeqin/Documents/LPCXpresso_7.3.0/workspace/loopbackdemo/nxplib/lpc_chip_11uxx_lib/Debug/liblpc_chip_11uxx_lib.a(clock_11xx.o)
 .debug_abbrev  0x0000000000000edf      0x1a4 /Users/mikeqin/Documents/LPCXpresso_7.3.0/workspace/loopbackdemo/nxplib/lpc_chip_11uxx_lib/Debug/liblpc_chip_11uxx_lib.a(gpio_11xx_1.o)
 .debug_abbrev  0x0000000000001083       0xc8 /Users/mikeqin/Documents/LPCXpresso_7.3.0/workspace/loopbackdemo/nxplib/lpc_chip_11uxx_lib/Debug/liblpc_chip_11uxx_lib.a(iocon_11xx.o)
 .debug_abbrev  0x000000000000114b       0xce /Users/mikeqin/Documents/LPCXpresso_7.3.0/workspace/loopbackdemo/nxplib/lpc_chip_11uxx_lib/Debug/liblpc_chip_11uxx_lib.a(sysctl_11xx.o)

.debug_loc      0x0000000000000000      0xe4c
 .debug_loc     0x0000000000000000      0x1bb ./example/src/cr_startup_lpc11xx.o
 .debug_loc     0x00000000000001bb      0x1e0 ./example/src/hid_generic.o
 .debug_loc     0x000000000000039b       0xbb ./example/src/hid_main.o
 .debug_loc     0x0000000000000456      0x2f4 /Users/mikeqin/Documents/LPCXpresso_7.3.0/workspace/loopbackdemo/nxplib/nxp_lpcxpresso_11u14_board_lib/Debug/libnxp_lpcxpresso_11u14_board_lib.a(board.o)
 .debug_loc     0x000000000000074a       0x32 /Users/mikeqin/Documents/LPCXpresso_7.3.0/workspace/loopbackdemo/nxplib/nxp_lpcxpresso_11u14_board_lib/Debug/libnxp_lpcxpresso_11u14_board_lib.a(board_sysinit.o)
 .debug_loc     0x000000000000077c      0x193 /Users/mikeqin/Documents/LPCXpresso_7.3.0/workspace/loopbackdemo/nxplib/lpc_chip_11uxx_lib/Debug/liblpc_chip_11uxx_lib.a(clock_11xx.o)
 .debug_loc     0x000000000000090f      0x432 /Users/mikeqin/Documents/LPCXpresso_7.3.0/workspace/loopbackdemo/nxplib/lpc_chip_11uxx_lib/Debug/liblpc_chip_11uxx_lib.a(gpio_11xx_1.o)
 .debug_loc     0x0000000000000d41       0x3a /Users/mikeqin/Documents/LPCXpresso_7.3.0/workspace/loopbackdemo/nxplib/lpc_chip_11uxx_lib/Debug/liblpc_chip_11uxx_lib.a(iocon_11xx.o)
 .debug_loc     0x0000000000000d7b       0xd1 /Users/mikeqin/Documents/LPCXpresso_7.3.0/workspace/loopbackdemo/nxplib/lpc_chip_11uxx_lib/Debug/liblpc_chip_11uxx_lib.a(sysctl_11xx.o)

.debug_aranges  0x0000000000000000      0x2f8
 .debug_aranges
                0x0000000000000000       0x60 ./example/src/cr_startup_lpc11xx.o
 .debug_aranges
                0x0000000000000060       0x18 ./example/src/hid_desc.o
 .debug_aranges
                0x0000000000000078       0x38 ./example/src/hid_generic.o
 .debug_aranges
                0x00000000000000b0       0x38 ./example/src/hid_main.o
 .debug_aranges
                0x00000000000000e8       0x20 ./example/src/sysinit.o
 .debug_aranges
                0x0000000000000108       0x90 /Users/mikeqin/Documents/LPCXpresso_7.3.0/workspace/loopbackdemo/nxplib/nxp_lpcxpresso_11u14_board_lib/Debug/libnxp_lpcxpresso_11u14_board_lib.a(board.o)
 .debug_aranges
                0x0000000000000198       0x30 /Users/mikeqin/Documents/LPCXpresso_7.3.0/workspace/loopbackdemo/nxplib/nxp_lpcxpresso_11u14_board_lib/Debug/libnxp_lpcxpresso_11u14_board_lib.a(board_sysinit.o)
 .debug_aranges
                0x00000000000001c8       0x90 /Users/mikeqin/Documents/LPCXpresso_7.3.0/workspace/loopbackdemo/nxplib/lpc_chip_11uxx_lib/Debug/liblpc_chip_11uxx_lib.a(clock_11xx.o)
 .debug_aranges
                0x0000000000000258       0x48 /Users/mikeqin/Documents/LPCXpresso_7.3.0/workspace/loopbackdemo/nxplib/lpc_chip_11uxx_lib/Debug/liblpc_chip_11uxx_lib.a(gpio_11xx_1.o)
 .debug_aranges
                0x00000000000002a0       0x20 /Users/mikeqin/Documents/LPCXpresso_7.3.0/workspace/loopbackdemo/nxplib/lpc_chip_11uxx_lib/Debug/liblpc_chip_11uxx_lib.a(iocon_11xx.o)
 .debug_aranges
                0x00000000000002c0       0x38 /Users/mikeqin/Documents/LPCXpresso_7.3.0/workspace/loopbackdemo/nxplib/lpc_chip_11uxx_lib/Debug/liblpc_chip_11uxx_lib.a(sysctl_11xx.o)

.debug_ranges   0x0000000000000000      0x240
 .debug_ranges  0x0000000000000000       0x50 ./example/src/cr_startup_lpc11xx.o
 .debug_ranges  0x0000000000000050       0x28 ./example/src/hid_generic.o
 .debug_ranges  0x0000000000000078       0x28 ./example/src/hid_main.o
 .debug_ranges  0x00000000000000a0       0x10 ./example/src/sysinit.o
 .debug_ranges  0x00000000000000b0       0x80 /Users/mikeqin/Documents/LPCXpresso_7.3.0/workspace/loopbackdemo/nxplib/nxp_lpcxpresso_11u14_board_lib/Debug/libnxp_lpcxpresso_11u14_board_lib.a(board.o)
 .debug_ranges  0x0000000000000130       0x20 /Users/mikeqin/Documents/LPCXpresso_7.3.0/workspace/loopbackdemo/nxplib/nxp_lpcxpresso_11u14_board_lib/Debug/libnxp_lpcxpresso_11u14_board_lib.a(board_sysinit.o)
 .debug_ranges  0x0000000000000150       0x80 /Users/mikeqin/Documents/LPCXpresso_7.3.0/workspace/loopbackdemo/nxplib/lpc_chip_11uxx_lib/Debug/liblpc_chip_11uxx_lib.a(clock_11xx.o)
 .debug_ranges  0x00000000000001d0       0x38 /Users/mikeqin/Documents/LPCXpresso_7.3.0/workspace/loopbackdemo/nxplib/lpc_chip_11uxx_lib/Debug/liblpc_chip_11uxx_lib.a(gpio_11xx_1.o)
 .debug_ranges  0x0000000000000208       0x10 /Users/mikeqin/Documents/LPCXpresso_7.3.0/workspace/loopbackdemo/nxplib/lpc_chip_11uxx_lib/Debug/liblpc_chip_11uxx_lib.a(iocon_11xx.o)
 .debug_ranges  0x0000000000000218       0x28 /Users/mikeqin/Documents/LPCXpresso_7.3.0/workspace/loopbackdemo/nxplib/lpc_chip_11uxx_lib/Debug/liblpc_chip_11uxx_lib.a(sysctl_11xx.o)

.debug_macro    0x0000000000000000     0x4cfb
 .debug_macro   0x0000000000000000       0x26 ./example/src/cr_startup_lpc11xx.o
 .debug_macro   0x0000000000000026      0x826 ./example/src/cr_startup_lpc11xx.o
 .debug_macro   0x000000000000084c       0x10 ./example/src/cr_startup_lpc11xx.o
 .debug_macro   0x000000000000085c      0x107 ./example/src/hid_desc.o
 .debug_macro   0x0000000000000963      0x820 ./example/src/hid_desc.o
 .debug_macro   0x0000000000001183       0x10 ./example/src/hid_desc.o
 .debug_macro   0x0000000000001193      0x122 ./example/src/hid_desc.o
 .debug_macro   0x00000000000012b5      0x5b9 ./example/src/hid_desc.o
 .debug_macro   0x000000000000186e       0x22 ./example/src/hid_desc.o
 .debug_macro   0x0000000000001890       0x7b ./example/src/hid_desc.o
 .debug_macro   0x000000000000190b       0x11 ./example/src/hid_desc.o
 .debug_macro   0x000000000000191c      0x26c ./example/src/hid_desc.o
 .debug_macro   0x0000000000001b88       0x46 ./example/src/hid_desc.o
 .debug_macro   0x0000000000001bce       0x12 ./example/src/hid_desc.o
 .debug_macro   0x0000000000001be0       0xfa ./example/src/hid_desc.o
 .debug_macro   0x0000000000001cda       0xee ./example/src/hid_desc.o
 .debug_macro   0x0000000000001dc8      0x693 ./example/src/hid_desc.o
 .debug_macro   0x000000000000245b      0x272 ./example/src/hid_desc.o
 .debug_macro   0x00000000000026cd       0x10 ./example/src/hid_desc.o
 .debug_macro   0x00000000000026dd      0x23f ./example/src/hid_generic.o
 .debug_macro   0x000000000000291c       0x1f ./example/src/hid_generic.o
 .debug_macro   0x000000000000293b       0x3a ./example/src/hid_generic.o
 .debug_macro   0x0000000000002975      0x241 ./example/src/hid_generic.o
 .debug_macro   0x0000000000002bb6      0x125 ./example/src/hid_generic.o
 .debug_macro   0x0000000000002cdb       0x2e ./example/src/hid_generic.o
 .debug_macro   0x0000000000002d09       0xf1 ./example/src/hid_generic.o
 .debug_macro   0x0000000000002dfa       0x10 ./example/src/hid_generic.o
 .debug_macro   0x0000000000002e0a      0x137 ./example/src/hid_generic.o
 .debug_macro   0x0000000000002f41       0x4c ./example/src/hid_generic.o
 .debug_macro   0x0000000000002f8d       0x16 ./example/src/hid_generic.o
 .debug_macro   0x0000000000002fa3      0x31a ./example/src/hid_generic.o
 .debug_macro   0x00000000000032bd       0x4f ./example/src/hid_generic.o
 .debug_macro   0x000000000000330c       0xb8 ./example/src/hid_generic.o
 .debug_macro   0x00000000000033c4       0x7c ./example/src/hid_generic.o
 .debug_macro   0x0000000000003440       0x1c ./example/src/hid_generic.o
 .debug_macro   0x000000000000345c       0x40 ./example/src/hid_generic.o
 .debug_macro   0x000000000000349c      0x21c ./example/src/hid_generic.o
 .debug_macro   0x00000000000036b8       0x58 ./example/src/hid_generic.o
 .debug_macro   0x0000000000003710       0x9a ./example/src/hid_generic.o
 .debug_macro   0x00000000000037aa       0x20 ./example/src/hid_generic.o
 .debug_macro   0x00000000000037ca      0x24b ./example/src/hid_main.o
 .debug_macro   0x0000000000003a15      0x193 ./example/src/sysinit.o
 .debug_macro   0x0000000000003ba8      0x1e8 /Users/mikeqin/Documents/LPCXpresso_7.3.0/workspace/loopbackdemo/nxplib/nxp_lpcxpresso_11u14_board_lib/Debug/libnxp_lpcxpresso_11u14_board_lib.a(board.o)
 .debug_macro   0x0000000000003d90      0x81a /Users/mikeqin/Documents/LPCXpresso_7.3.0/workspace/loopbackdemo/nxplib/nxp_lpcxpresso_11u14_board_lib/Debug/libnxp_lpcxpresso_11u14_board_lib.a(board.o)
 .debug_macro   0x00000000000045aa       0x12 /Users/mikeqin/Documents/LPCXpresso_7.3.0/workspace/loopbackdemo/nxplib/nxp_lpcxpresso_11u14_board_lib/Debug/libnxp_lpcxpresso_11u14_board_lib.a(board.o)
 .debug_macro   0x00000000000045bc      0x1a1 /Users/mikeqin/Documents/LPCXpresso_7.3.0/workspace/loopbackdemo/nxplib/nxp_lpcxpresso_11u14_board_lib/Debug/libnxp_lpcxpresso_11u14_board_lib.a(board_sysinit.o)
 .debug_macro   0x000000000000475d      0x15d /Users/mikeqin/Documents/LPCXpresso_7.3.0/workspace/loopbackdemo/nxplib/lpc_chip_11uxx_lib/Debug/liblpc_chip_11uxx_lib.a(clock_11xx.o)
 .debug_macro   0x00000000000048ba      0x15d /Users/mikeqin/Documents/LPCXpresso_7.3.0/workspace/loopbackdemo/nxplib/lpc_chip_11uxx_lib/Debug/liblpc_chip_11uxx_lib.a(gpio_11xx_1.o)
 .debug_macro   0x0000000000004a17      0x15d /Users/mikeqin/Documents/LPCXpresso_7.3.0/workspace/loopbackdemo/nxplib/lpc_chip_11uxx_lib/Debug/liblpc_chip_11uxx_lib.a(iocon_11xx.o)
 .debug_macro   0x0000000000004b74      0x187 /Users/mikeqin/Documents/LPCXpresso_7.3.0/workspace/loopbackdemo/nxplib/lpc_chip_11uxx_lib/Debug/liblpc_chip_11uxx_lib.a(sysctl_11xx.o)

.debug_line     0x0000000000000000     0x2ae5
 .debug_line    0x0000000000000000      0x110 ./example/src/cr_startup_lpc11xx.o
 .debug_line    0x0000000000000110      0x31d ./example/src/hid_desc.o
 .debug_line    0x000000000000042d      0x596 ./example/src/hid_generic.o
 .debug_line    0x00000000000009c3      0x5c2 ./example/src/hid_main.o
 .debug_line    0x0000000000000f85      0x39f ./example/src/sysinit.o
 .debug_line    0x0000000000001324      0x53e /Users/mikeqin/Documents/LPCXpresso_7.3.0/workspace/loopbackdemo/nxplib/nxp_lpcxpresso_11u14_board_lib/Debug/libnxp_lpcxpresso_11u14_board_lib.a(board.o)
 .debug_line    0x0000000000001862      0x453 /Users/mikeqin/Documents/LPCXpresso_7.3.0/workspace/loopbackdemo/nxplib/nxp_lpcxpresso_11u14_board_lib/Debug/libnxp_lpcxpresso_11u14_board_lib.a(board_sysinit.o)
 .debug_line    0x0000000000001cb5      0x447 /Users/mikeqin/Documents/LPCXpresso_7.3.0/workspace/loopbackdemo/nxplib/lpc_chip_11uxx_lib/Debug/liblpc_chip_11uxx_lib.a(clock_11xx.o)
 .debug_line    0x00000000000020fc      0x397 /Users/mikeqin/Documents/LPCXpresso_7.3.0/workspace/loopbackdemo/nxplib/lpc_chip_11uxx_lib/Debug/liblpc_chip_11uxx_lib.a(gpio_11xx_1.o)
 .debug_line    0x0000000000002493      0x30c /Users/mikeqin/Documents/LPCXpresso_7.3.0/workspace/loopbackdemo/nxplib/lpc_chip_11uxx_lib/Debug/liblpc_chip_11uxx_lib.a(iocon_11xx.o)
 .debug_line    0x000000000000279f      0x346 /Users/mikeqin/Documents/LPCXpresso_7.3.0/workspace/loopbackdemo/nxplib/lpc_chip_11uxx_lib/Debug/liblpc_chip_11uxx_lib.a(sysctl_11xx.o)

.debug_str      0x0000000000000000     0xe707
 .debug_str     0x0000000000000000     0x24a9 ./example/src/cr_startup_lpc11xx.o
                                       0x24c7 (size before relaxing)
 .debug_str     0x00000000000024a9     0x5746 ./example/src/hid_desc.o
                                       0x7a18 (size before relaxing)
 .debug_str     0x0000000000007bef     0x5398 ./example/src/hid_generic.o
                                       0xce8f (size before relaxing)
 .debug_str     0x000000000000cf87      0x8e5 ./example/src/hid_main.o
                                       0xd3d5 (size before relaxing)
 .debug_str     0x000000000000d86c       0x2a ./example/src/sysinit.o
                                       0x7f2c (size before relaxing)
 .debug_str     0x000000000000d896      0x4bf /Users/mikeqin/Documents/LPCXpresso_7.3.0/workspace/loopbackdemo/nxplib/nxp_lpcxpresso_11u14_board_lib/Debug/libnxp_lpcxpresso_11u14_board_lib.a(board.o)
                                       0x839f (size before relaxing)
 .debug_str     0x000000000000dd55      0x34a /Users/mikeqin/Documents/LPCXpresso_7.3.0/workspace/loopbackdemo/nxplib/nxp_lpcxpresso_11u14_board_lib/Debug/libnxp_lpcxpresso_11u14_board_lib.a(board_sysinit.o)
                                       0x87f3 (size before relaxing)
 .debug_str     0x000000000000e09f      0x3e8 /Users/mikeqin/Documents/LPCXpresso_7.3.0/workspace/loopbackdemo/nxplib/lpc_chip_11uxx_lib/Debug/liblpc_chip_11uxx_lib.a(clock_11xx.o)
                                       0x83ae (size before relaxing)
 .debug_str     0x000000000000e487       0xf0 /Users/mikeqin/Documents/LPCXpresso_7.3.0/workspace/loopbackdemo/nxplib/lpc_chip_11uxx_lib/Debug/liblpc_chip_11uxx_lib.a(gpio_11xx_1.o)
                                       0x820c (size before relaxing)
 .debug_str     0x000000000000e577       0x1b /Users/mikeqin/Documents/LPCXpresso_7.3.0/workspace/loopbackdemo/nxplib/lpc_chip_11uxx_lib/Debug/liblpc_chip_11uxx_lib.a(iocon_11xx.o)
                                       0x7bc6 (size before relaxing)
 .debug_str     0x000000000000e592      0x175 /Users/mikeqin/Documents/LPCXpresso_7.3.0/workspace/loopbackdemo/nxplib/lpc_chip_11uxx_lib/Debug/liblpc_chip_11uxx_lib.a(sysctl_11xx.o)
                                       0x7fb1 (size before relaxing)

.comment        0x0000000000000000      0x150
 .comment       0x0000000000000000       0x70 ./example/src/cr_startup_lpc11xx.o
                                         0x71 (size before relaxing)
 .comment       0x0000000000000000       0x71 ./example/src/hid_desc.o
 .comment       0x0000000000000000       0x71 ./example/src/hid_generic.o
 .comment       0x0000000000000000       0x71 ./example/src/hid_main.o
 .comment       0x0000000000000000       0x71 ./example/src/sysinit.o
 .comment       0x0000000000000000       0x71 /Users/mikeqin/Documents/LPCXpresso_7.3.0/workspace/loopbackdemo/nxplib/nxp_lpcxpresso_11u14_board_lib/Debug/libnxp_lpcxpresso_11u14_board_lib.a(board.o)
 .comment       0x0000000000000000       0x71 /Users/mikeqin/Documents/LPCXpresso_7.3.0/workspace/loopbackdemo/nxplib/nxp_lpcxpresso_11u14_board_lib/Debug/libnxp_lpcxpresso_11u14_board_lib.a(board_sysinit.o)
 .comment       0x0000000000000000       0x71 /Users/mikeqin/Documents/LPCXpresso_7.3.0/workspace/loopbackdemo/nxplib/lpc_chip_11uxx_lib/Debug/liblpc_chip_11uxx_lib.a(clock_11xx.o)
 .comment       0x0000000000000000       0x71 /Users/mikeqin/Documents/LPCXpresso_7.3.0/workspace/loopbackdemo/nxplib/lpc_chip_11uxx_lib/Debug/liblpc_chip_11uxx_lib.a(gpio_11xx_1.o)
 .comment       0x0000000000000000       0x71 /Users/mikeqin/Documents/LPCXpresso_7.3.0/workspace/loopbackdemo/nxplib/lpc_chip_11uxx_lib/Debug/liblpc_chip_11uxx_lib.a(iocon_11xx.o)
 .comment       0x0000000000000000       0x71 /Users/mikeqin/Documents/LPCXpresso_7.3.0/workspace/loopbackdemo/nxplib/lpc_chip_11uxx_lib/Debug/liblpc_chip_11uxx_lib.a(sysctl_11xx.o)
 .comment       0x0000000000000070       0x70 /Users/mikeqin/Documents/LPCXpresso_7.3.0/workspace/loopbackdemo/nxplib/lpc_chip_11uxx_lib/libs/libusbd_11uxx_lib.a(mw_usbd_rom_api.o)
                                         0x71 (size before relaxing)
 .comment       0x0000000000000000       0x71 /Users/mikeqin/Documents/LPCXpresso_7.3.0/workspace/loopbackdemo/nxplib/lpc_chip_11uxx_lib/libs/libusbd_11uxx_lib.a(hw_usbd_ip3511.o)
 .comment       0x0000000000000000       0x71 /Users/mikeqin/Documents/LPCXpresso_7.3.0/workspace/loopbackdemo/nxplib/lpc_chip_11uxx_lib/libs/libusbd_11uxx_lib.a(mw_usbd_core.o)
 .comment       0x0000000000000000       0x71 /Users/mikeqin/Documents/LPCXpresso_7.3.0/workspace/loopbackdemo/nxplib/lpc_chip_11uxx_lib/libs/libusbd_11uxx_lib.a(mw_usbd_hiduser.o)
 .comment       0x00000000000000e0       0x70 /Applications/lpcxpresso_7.3.0_186/lpcxpresso/tools/bin/../lib/gcc/arm-none-eabi/4.8.4/../../../../arm-none-eabi/lib/armv6-m/libcr_nohost.a(_cr__main.o)
                                         0x71 (size before relaxing)
 .comment       0x0000000000000000       0x71 /Applications/lpcxpresso_7.3.0_186/lpcxpresso/tools/bin/../lib/gcc/arm-none-eabi/4.8.4/../../../../arm-none-eabi/lib/armv6-m/libcr_c.a(memcpy.o)
 .comment       0x0000000000000000       0x71 /Applications/lpcxpresso_7.3.0_186/lpcxpresso/tools/bin/../lib/gcc/arm-none-eabi/4.8.4/../../../../arm-none-eabi/lib/armv6-m/libcr_c.a(memset.o)
 .comment       0x0000000000000000       0x71 /Applications/lpcxpresso_7.3.0_186/lpcxpresso/tools/bin/../lib/gcc/arm-none-eabi/4.8.4/../../../../arm-none-eabi/lib/armv6-m/libcr_c.a(initio.o)
 .comment       0x0000000000000000       0x71 /Applications/lpcxpresso_7.3.0_186/lpcxpresso/tools/bin/../lib/gcc/arm-none-eabi/4.8.4/../../../../arm-none-eabi/lib/armv6-m/libcr_c.a(setvbuf.o)
 .comment       0x0000000000000000       0x71 /Applications/lpcxpresso_7.3.0_186/lpcxpresso/tools/bin/../lib/gcc/arm-none-eabi/4.8.4/../../../../arm-none-eabi/lib/armv6-m/libcr_c.a(stdio.o)
 .comment       0x0000000000000000       0x71 /Applications/lpcxpresso_7.3.0_186/lpcxpresso/tools/bin/../lib/gcc/arm-none-eabi/4.8.4/../../../../arm-none-eabi/lib/armv6-m/libcr_c.a(_deferredlazyseek.o)
 .comment       0x0000000000000000       0x71 /Applications/lpcxpresso_7.3.0_186/lpcxpresso/tools/bin/../lib/gcc/arm-none-eabi/4.8.4/../../../../arm-none-eabi/lib/armv6-m/libcr_c.a(_fdopen.o)
 .comment       0x0000000000000000       0x71 /Applications/lpcxpresso_7.3.0_186/lpcxpresso/tools/bin/../lib/gcc/arm-none-eabi/4.8.4/../../../../arm-none-eabi/lib/armv6-m/libcr_c.a(_fflush.o)
 .comment       0x0000000000000000       0x71 /Applications/lpcxpresso_7.3.0_186/lpcxpresso/tools/bin/../lib/gcc/arm-none-eabi/4.8.4/../../../../arm-none-eabi/lib/armv6-m/libcr_c.a(_writebuf.o)
 .comment       0x0000000000000000       0x71 /Applications/lpcxpresso_7.3.0_186/lpcxpresso/tools/bin/../lib/gcc/arm-none-eabi/4.8.4/../../../../arm-none-eabi/lib/armv6-m/libcr_c.a(alloc.o)
 .comment       0x0000000000000000       0x71 /Applications/lpcxpresso_7.3.0_186/lpcxpresso/tools/bin/../lib/gcc/arm-none-eabi/4.8.4/../../../../arm-none-eabi/lib/armv6-m/libcr_c.a(fclose.o)
 .comment       0x0000000000000000       0x71 /Applications/lpcxpresso_7.3.0_186/lpcxpresso/tools/bin/../lib/gcc/arm-none-eabi/4.8.4/../../../../arm-none-eabi/lib/armv6-m/libcr_c.a(fflush.o)
 .comment       0x0000000000000000       0x71 /Applications/lpcxpresso_7.3.0_186/lpcxpresso/tools/bin/../lib/gcc/arm-none-eabi/4.8.4/../../../../arm-none-eabi/lib/armv6-m/libcr_c.a(fseek.o)
 .comment       0x0000000000000000       0x71 /Applications/lpcxpresso_7.3.0_186/lpcxpresso/tools/bin/../lib/gcc/arm-none-eabi/4.8.4/../../../../arm-none-eabi/lib/armv6-m/libcr_c.a(ftell.o)
 .comment       0x0000000000000000       0x71 /Applications/lpcxpresso_7.3.0_186/lpcxpresso/tools/bin/../lib/gcc/arm-none-eabi/4.8.4/../../../../arm-none-eabi/lib/armv6-m/libcr_c.a(remove.o)
 .comment       0x0000000000000000       0x71 /Applications/lpcxpresso_7.3.0_186/lpcxpresso/tools/bin/../lib/gcc/arm-none-eabi/4.8.4/../../../../arm-none-eabi/lib/armv6-m/libcr_c.a(strlen.o)
 .comment       0x0000000000000000       0x71 /Applications/lpcxpresso_7.3.0_186/lpcxpresso/tools/bin/../lib/gcc/arm-none-eabi/4.8.4/../../../../arm-none-eabi/lib/armv6-m/libcr_c.a(__init_alloc.o)
 .comment       0x0000000000000000       0x71 /Applications/lpcxpresso_7.3.0_186/lpcxpresso/tools/bin/../lib/gcc/arm-none-eabi/4.8.4/../../../../arm-none-eabi/lib/armv6-m/libcr_c.a(_cr_sbrk.o)
 .comment       0x0000000000000000       0x71 /Applications/lpcxpresso_7.3.0_186/lpcxpresso/tools/bin/../lib/gcc/arm-none-eabi/4.8.4/../../../../arm-none-eabi/lib/armv6-m/libcr_c.a(_do_fflush.o)
 .comment       0x0000000000000000       0x71 /Applications/lpcxpresso_7.3.0_186/lpcxpresso/tools/bin/../lib/gcc/arm-none-eabi/4.8.4/../../../../arm-none-eabi/lib/armv6-m/libcr_c.a(errno.o)
 .comment       0x0000000000000000       0x71 /Applications/lpcxpresso_7.3.0_186/lpcxpresso/tools/bin/../lib/gcc/arm-none-eabi/4.8.4/../../../../arm-none-eabi/lib/armv6-m/libcr_c.a(_cr_check_heap.o)
 .comment       0x0000000000000000       0x71 /Applications/lpcxpresso_7.3.0_186/lpcxpresso/tools/bin/../lib/gcc/arm-none-eabi/4.8.4/../../../../arm-none-eabi/lib/armv6-m/libcr_nohost.a(__sys_appexit.o)
 .comment       0x0000000000000000       0x71 /Applications/lpcxpresso_7.3.0_186/lpcxpresso/tools/bin/../lib/gcc/arm-none-eabi/4.8.4/../../../../arm-none-eabi/lib/armv6-m/libcr_nohost.a(__sys_close.o)
 .comment       0x0000000000000000       0x71 /Applications/lpcxpresso_7.3.0_186/lpcxpresso/tools/bin/../lib/gcc/arm-none-eabi/4.8.4/../../../../arm-none-eabi/lib/armv6-m/libcr_nohost.a(__sys_flen.o)
 .comment       0x0000000000000000       0x71 /Applications/lpcxpresso_7.3.0_186/lpcxpresso/tools/bin/../lib/gcc/arm-none-eabi/4.8.4/../../../../arm-none-eabi/lib/armv6-m/libcr_nohost.a(__sys_istty.o)
 .comment       0x0000000000000000       0x71 /Applications/lpcxpresso_7.3.0_186/lpcxpresso/tools/bin/../lib/gcc/arm-none-eabi/4.8.4/../../../../arm-none-eabi/lib/armv6-m/libcr_nohost.a(__sys_remove.o)
 .comment       0x0000000000000000       0x71 /Applications/lpcxpresso_7.3.0_186/lpcxpresso/tools/bin/../lib/gcc/arm-none-eabi/4.8.4/../../../../arm-none-eabi/lib/armv6-m/libcr_nohost.a(__sys_seek.o)
 .comment       0x0000000000000000       0x71 /Applications/lpcxpresso_7.3.0_186/lpcxpresso/tools/bin/../lib/gcc/arm-none-eabi/4.8.4/../../../../arm-none-eabi/lib/armv6-m/libcr_nohost.a(__sys_tmpnam.o)

.ARM.attributes
                0x0000000000000000       0x2f
 .ARM.attributes
                0x0000000000000000       0x31 ./example/src/cr_startup_lpc11xx.o
 .ARM.attributes
                0x0000000000000031       0x31 ./example/src/hid_desc.o
 .ARM.attributes
                0x0000000000000062       0x31 ./example/src/hid_generic.o
 .ARM.attributes
                0x0000000000000093       0x31 ./example/src/hid_main.o
 .ARM.attributes
                0x00000000000000c4       0x31 ./example/src/sysinit.o
 .ARM.attributes
                0x00000000000000f5       0x31 /Users/mikeqin/Documents/LPCXpresso_7.3.0/workspace/loopbackdemo/nxplib/nxp_lpcxpresso_11u14_board_lib/Debug/libnxp_lpcxpresso_11u14_board_lib.a(board.o)
 .ARM.attributes
                0x0000000000000126       0x31 /Users/mikeqin/Documents/LPCXpresso_7.3.0/workspace/loopbackdemo/nxplib/nxp_lpcxpresso_11u14_board_lib/Debug/libnxp_lpcxpresso_11u14_board_lib.a(board_sysinit.o)
 .ARM.attributes
                0x0000000000000157       0x31 /Users/mikeqin/Documents/LPCXpresso_7.3.0/workspace/loopbackdemo/nxplib/lpc_chip_11uxx_lib/Debug/liblpc_chip_11uxx_lib.a(clock_11xx.o)
 .ARM.attributes
                0x0000000000000188       0x31 /Users/mikeqin/Documents/LPCXpresso_7.3.0/workspace/loopbackdemo/nxplib/lpc_chip_11uxx_lib/Debug/liblpc_chip_11uxx_lib.a(gpio_11xx_1.o)
 .ARM.attributes
                0x00000000000001b9       0x31 /Users/mikeqin/Documents/LPCXpresso_7.3.0/workspace/loopbackdemo/nxplib/lpc_chip_11uxx_lib/Debug/liblpc_chip_11uxx_lib.a(iocon_11xx.o)
 .ARM.attributes
                0x00000000000001ea       0x31 /Users/mikeqin/Documents/LPCXpresso_7.3.0/workspace/loopbackdemo/nxplib/lpc_chip_11uxx_lib/Debug/liblpc_chip_11uxx_lib.a(sysctl_11xx.o)
 .ARM.attributes
                0x000000000000021b       0x31 /Users/mikeqin/Documents/LPCXpresso_7.3.0/workspace/loopbackdemo/nxplib/lpc_chip_11uxx_lib/libs/libusbd_11uxx_lib.a(mw_usbd_rom_api.o)
 .ARM.attributes
                0x000000000000024c       0x31 /Users/mikeqin/Documents/LPCXpresso_7.3.0/workspace/loopbackdemo/nxplib/lpc_chip_11uxx_lib/libs/libusbd_11uxx_lib.a(hw_usbd_ip3511.o)
 .ARM.attributes
                0x000000000000027d       0x31 /Users/mikeqin/Documents/LPCXpresso_7.3.0/workspace/loopbackdemo/nxplib/lpc_chip_11uxx_lib/libs/libusbd_11uxx_lib.a(mw_usbd_core.o)
 .ARM.attributes
                0x00000000000002ae       0x31 /Users/mikeqin/Documents/LPCXpresso_7.3.0/workspace/loopbackdemo/nxplib/lpc_chip_11uxx_lib/libs/libusbd_11uxx_lib.a(mw_usbd_hiduser.o)
 .ARM.attributes
                0x00000000000002df       0x31 /Applications/lpcxpresso_7.3.0_186/lpcxpresso/tools/bin/../lib/gcc/arm-none-eabi/4.8.4/../../../../arm-none-eabi/lib/armv6-m/libcr_nohost.a(_cr__main.o)
 .ARM.attributes
                0x0000000000000310       0x31 /Applications/lpcxpresso_7.3.0_186/lpcxpresso/tools/bin/../lib/gcc/arm-none-eabi/4.8.4/../../../../arm-none-eabi/lib/armv6-m/libcr_c.a(memcpy.o)
 .ARM.attributes
                0x0000000000000341       0x31 /Applications/lpcxpresso_7.3.0_186/lpcxpresso/tools/bin/../lib/gcc/arm-none-eabi/4.8.4/../../../../arm-none-eabi/lib/armv6-m/libcr_c.a(memset.o)
 .ARM.attributes
                0x0000000000000372       0x31 /Applications/lpcxpresso_7.3.0_186/lpcxpresso/tools/bin/../lib/gcc/arm-none-eabi/4.8.4/../../../../arm-none-eabi/lib/armv6-m/libcr_c.a(initio.o)
 .ARM.attributes
                0x00000000000003a3       0x31 /Applications/lpcxpresso_7.3.0_186/lpcxpresso/tools/bin/../lib/gcc/arm-none-eabi/4.8.4/../../../../arm-none-eabi/lib/armv6-m/libcr_c.a(setvbuf.o)
 .ARM.attributes
                0x00000000000003d4       0x31 /Applications/lpcxpresso_7.3.0_186/lpcxpresso/tools/bin/../lib/gcc/arm-none-eabi/4.8.4/../../../../arm-none-eabi/lib/armv6-m/libcr_c.a(stdio.o)
 .ARM.attributes
                0x0000000000000405       0x31 /Applications/lpcxpresso_7.3.0_186/lpcxpresso/tools/bin/../lib/gcc/arm-none-eabi/4.8.4/../../../../arm-none-eabi/lib/armv6-m/libcr_c.a(_deferredlazyseek.o)
 .ARM.attributes
                0x0000000000000436       0x31 /Applications/lpcxpresso_7.3.0_186/lpcxpresso/tools/bin/../lib/gcc/arm-none-eabi/4.8.4/../../../../arm-none-eabi/lib/armv6-m/libcr_c.a(_fdopen.o)
 .ARM.attributes
                0x0000000000000467       0x31 /Applications/lpcxpresso_7.3.0_186/lpcxpresso/tools/bin/../lib/gcc/arm-none-eabi/4.8.4/../../../../arm-none-eabi/lib/armv6-m/libcr_c.a(_fflush.o)
 .ARM.attributes
                0x0000000000000498       0x31 /Applications/lpcxpresso_7.3.0_186/lpcxpresso/tools/bin/../lib/gcc/arm-none-eabi/4.8.4/../../../../arm-none-eabi/lib/armv6-m/libcr_c.a(_writebuf.o)
 .ARM.attributes
                0x00000000000004c9       0x31 /Applications/lpcxpresso_7.3.0_186/lpcxpresso/tools/bin/../lib/gcc/arm-none-eabi/4.8.4/../../../../arm-none-eabi/lib/armv6-m/libcr_c.a(alloc.o)
 .ARM.attributes
                0x00000000000004fa       0x31 /Applications/lpcxpresso_7.3.0_186/lpcxpresso/tools/bin/../lib/gcc/arm-none-eabi/4.8.4/../../../../arm-none-eabi/lib/armv6-m/libcr_c.a(fclose.o)
 .ARM.attributes
                0x000000000000052b       0x31 /Applications/lpcxpresso_7.3.0_186/lpcxpresso/tools/bin/../lib/gcc/arm-none-eabi/4.8.4/../../../../arm-none-eabi/lib/armv6-m/libcr_c.a(fflush.o)
 .ARM.attributes
                0x000000000000055c       0x31 /Applications/lpcxpresso_7.3.0_186/lpcxpresso/tools/bin/../lib/gcc/arm-none-eabi/4.8.4/../../../../arm-none-eabi/lib/armv6-m/libcr_c.a(fseek.o)
 .ARM.attributes
                0x000000000000058d       0x31 /Applications/lpcxpresso_7.3.0_186/lpcxpresso/tools/bin/../lib/gcc/arm-none-eabi/4.8.4/../../../../arm-none-eabi/lib/armv6-m/libcr_c.a(ftell.o)
 .ARM.attributes
                0x00000000000005be       0x31 /Applications/lpcxpresso_7.3.0_186/lpcxpresso/tools/bin/../lib/gcc/arm-none-eabi/4.8.4/../../../../arm-none-eabi/lib/armv6-m/libcr_c.a(remove.o)
 .ARM.attributes
                0x00000000000005ef       0x31 /Applications/lpcxpresso_7.3.0_186/lpcxpresso/tools/bin/../lib/gcc/arm-none-eabi/4.8.4/../../../../arm-none-eabi/lib/armv6-m/libcr_c.a(strlen.o)
 .ARM.attributes
                0x0000000000000620       0x31 /Applications/lpcxpresso_7.3.0_186/lpcxpresso/tools/bin/../lib/gcc/arm-none-eabi/4.8.4/../../../../arm-none-eabi/lib/armv6-m/libcr_c.a(__init_alloc.o)
 .ARM.attributes
                0x0000000000000651       0x31 /Applications/lpcxpresso_7.3.0_186/lpcxpresso/tools/bin/../lib/gcc/arm-none-eabi/4.8.4/../../../../arm-none-eabi/lib/armv6-m/libcr_c.a(_cr_sbrk.o)
 .ARM.attributes
                0x0000000000000682       0x31 /Applications/lpcxpresso_7.3.0_186/lpcxpresso/tools/bin/../lib/gcc/arm-none-eabi/4.8.4/../../../../arm-none-eabi/lib/armv6-m/libcr_c.a(_do_fflush.o)
 .ARM.attributes
                0x00000000000006b3       0x31 /Applications/lpcxpresso_7.3.0_186/lpcxpresso/tools/bin/../lib/gcc/arm-none-eabi/4.8.4/../../../../arm-none-eabi/lib/armv6-m/libcr_c.a(errno.o)
 .ARM.attributes
                0x00000000000006e4       0x31 /Applications/lpcxpresso_7.3.0_186/lpcxpresso/tools/bin/../lib/gcc/arm-none-eabi/4.8.4/../../../../arm-none-eabi/lib/armv6-m/libcr_c.a(_cr_check_heap.o)
 .ARM.attributes
                0x0000000000000715       0x21 /Applications/lpcxpresso_7.3.0_186/lpcxpresso/tools/bin/../lib/gcc/arm-none-eabi/4.8.4/armv6-m/libcr_eabihelpers.a(memcpy.o)
 .ARM.attributes
                0x0000000000000736       0x31 /Applications/lpcxpresso_7.3.0_186/lpcxpresso/tools/bin/../lib/gcc/arm-none-eabi/4.8.4/../../../../arm-none-eabi/lib/armv6-m/libcr_nohost.a(__sys_appexit.o)
 .ARM.attributes
                0x0000000000000767       0x31 /Applications/lpcxpresso_7.3.0_186/lpcxpresso/tools/bin/../lib/gcc/arm-none-eabi/4.8.4/../../../../arm-none-eabi/lib/armv6-m/libcr_nohost.a(__sys_close.o)
 .ARM.attributes
                0x0000000000000798       0x31 /Applications/lpcxpresso_7.3.0_186/lpcxpresso/tools/bin/../lib/gcc/arm-none-eabi/4.8.4/../../../../arm-none-eabi/lib/armv6-m/libcr_nohost.a(__sys_flen.o)
 .ARM.attributes
                0x00000000000007c9       0x31 /Applications/lpcxpresso_7.3.0_186/lpcxpresso/tools/bin/../lib/gcc/arm-none-eabi/4.8.4/../../../../arm-none-eabi/lib/armv6-m/libcr_nohost.a(__sys_istty.o)
 .ARM.attributes
                0x00000000000007fa       0x31 /Applications/lpcxpresso_7.3.0_186/lpcxpresso/tools/bin/../lib/gcc/arm-none-eabi/4.8.4/../../../../arm-none-eabi/lib/armv6-m/libcr_nohost.a(__sys_remove.o)
 .ARM.attributes
                0x000000000000082b       0x31 /Applications/lpcxpresso_7.3.0_186/lpcxpresso/tools/bin/../lib/gcc/arm-none-eabi/4.8.4/../../../../arm-none-eabi/lib/armv6-m/libcr_nohost.a(__sys_seek.o)
 .ARM.attributes
                0x000000000000085c       0x31 /Applications/lpcxpresso_7.3.0_186/lpcxpresso/tools/bin/../lib/gcc/arm-none-eabi/4.8.4/../../../../arm-none-eabi/lib/armv6-m/libcr_nohost.a(__sys_tmpnam.o)

.debug_frame    0x0000000000000000      0x570
 .debug_frame   0x0000000000000000       0xb0 ./example/src/cr_startup_lpc11xx.o
 .debug_frame   0x00000000000000b0       0x74 ./example/src/hid_generic.o
 .debug_frame   0x0000000000000124       0x6c ./example/src/hid_main.o
 .debug_frame   0x0000000000000190       0x28 ./example/src/sysinit.o
 .debug_frame   0x00000000000001b8      0x130 /Users/mikeqin/Documents/LPCXpresso_7.3.0/workspace/loopbackdemo/nxplib/nxp_lpcxpresso_11u14_board_lib/Debug/libnxp_lpcxpresso_11u14_board_lib.a(board.o)
 .debug_frame   0x00000000000002e8       0x60 /Users/mikeqin/Documents/LPCXpresso_7.3.0/workspace/loopbackdemo/nxplib/nxp_lpcxpresso_11u14_board_lib/Debug/libnxp_lpcxpresso_11u14_board_lib.a(board_sysinit.o)
 .debug_frame   0x0000000000000348      0x130 /Users/mikeqin/Documents/LPCXpresso_7.3.0/workspace/loopbackdemo/nxplib/lpc_chip_11uxx_lib/Debug/liblpc_chip_11uxx_lib.a(clock_11xx.o)
 .debug_frame   0x0000000000000478       0x80 /Users/mikeqin/Documents/LPCXpresso_7.3.0/workspace/loopbackdemo/nxplib/lpc_chip_11uxx_lib/Debug/liblpc_chip_11uxx_lib.a(gpio_11xx_1.o)
 .debug_frame   0x00000000000004f8       0x20 /Users/mikeqin/Documents/LPCXpresso_7.3.0/workspace/loopbackdemo/nxplib/lpc_chip_11uxx_lib/Debug/liblpc_chip_11uxx_lib.a(iocon_11xx.o)
 .debug_frame   0x0000000000000518       0x58 /Users/mikeqin/Documents/LPCXpresso_7.3.0/workspace/loopbackdemo/nxplib/lpc_chip_11uxx_lib/Debug/liblpc_chip_11uxx_lib.a(sysctl_11xx.o)
